<html>
<body>
<pre>
<h1>µVision Build Log</h1>
<h2>Project:</h2>
D:\GITHUB\datalogger\MDK-ARM\project.uvproj
Project File Date:  09/02/2015

<h2>Output:</h2>
Build target 'STM32F103C8T6'
compiling main.c...
linking...
Program Size: Code=14908 RO-data=280 RW-data=160 ZI-data=19336  
"..\Output\project.axf" - 0 Error(s), 0 Warning(s).
Load "..\\Output\\project.axf" 
Erase Done.
Programming Done.
Verify OK.
Application running ...
 - 0 Error(s), 0 Warning(s).
ned.
..\app\main.c: 0 warnings, 1 error
compiling list.c...
..\FreeRTOS\include\FreeRTOS.h(277): error:  #35: #error directive: If configUSE_TIMERS is set to 1 then configTIMER_TASK_STACK_DEPTH must also be defined.
                #error If configUSE_TIMERS is set to 1 then configTIMER_TASK_STACK_DEPTH must also be defined.
..\FreeRTOS\list.c: 0 warnings, 1 error
compiling queue.c...
..\FreeRTOS\include\FreeRTOS.h(277): error:  #35: #error directive: If configUSE_TIMERS is set to 1 then configTIMER_TASK_STACK_DEPTH must also be defined.
                #error If configUSE_TIMERS is set to 1 then configTIMER_TASK_STACK_DEPTH must also be defined.
..\FreeRTOS\queue.c: 0 warnings, 1 error
compiling tasks.c...
..\FreeRTOS\include\FreeRTOS.h(277): error:  #35: #error directive: If configUSE_TIMERS is set to 1 then configTIMER_TASK_STACK_DEPTH must also be defined.
                #error If configUSE_TIMERS is set to 1 then configTIMER_TASK_STACK_DEPTH must also be defined.
..\FreeRTOS\tasks.c: 0 warnings, 1 error
compiling timers.c...
..\FreeRTOS\include\FreeRTOS.h(277): error:  #35: #error directive: If configUSE_TIMERS is set to 1 then configTIMER_TASK_STACK_DEPTH must also be defined.
                #error If configUSE_TIMERS is set to 1 then configTIMER_TASK_STACK_DEPTH must also be defined.
..\FreeRTOS\timers.c: 0 warnings, 1 error
compiling port.c...
..\FreeRTOS\include\FreeRTOS.h(277): error:  #35: #error directive: If configUSE_TIMERS is set to 1 then configTIMER_TASK_STACK_DEPTH must also be defined.
                #error If configUSE_TIMERS is set to 1 then configTIMER_TASK_STACK_DEPTH must also be defined.
..\FreeRTOS\portable\RVDS\ARM_CM3\port.c: 0 warnings, 1 error
compiling heap_4.c...
..\FreeRTOS\include\FreeRTOS.h(277): error:  #35: #error directive: If configUSE_TIMERS is set to 1 then configTIMER_TASK_STACK_DEPTH must also be defined.
                #error If configUSE_TIMERS is set to 1 then configTIMER_TASK_STACK_DEPTH must also be defined.
..\FreeRTOS\portable\MemMang\heap_4.c: 0 warnings, 1 error
"..\Output\project.axf" - 7 Error(s), 0 Warning(s).
Target not created
ng timers.c...
..\FreeRTOS\timers.c(78): error:  #5: cannot open source input file "FreeRTOS.h": No such file or directory
  #include "FreeRTOS.h"
..\FreeRTOS\timers.c: 0 warnings, 1 error
compiling port.c...
..\FreeRTOS\portable\RVDS\ARM_CM3\port.c(75): error:  #5: cannot open source input file "FreeRTOS.h": No such file or directory
  #include "FreeRTOS.h"
..\FreeRTOS\portable\RVDS\ARM_CM3\port.c: 0 warnings, 1 error
compiling heap_4.c...
..\FreeRTOS\portable\MemMang\heap_4.c(85): error:  #5: cannot open source input file "FreeRTOS.h": No such file or directory
  #include "FreeRTOS.h"
..\FreeRTOS\portable\MemMang\heap_4.c: 0 warnings, 1 error
"..\Output\project.axf" - 13 Error(s), 0 Warning(s).
Target not created
