Product: MDK-ARM Professional 5.10
Component: ARM Compiler 5.04 update 1 (build 49)
Tool: armlink [5040049]

==============================================================================

Section Cross References

    main.o(.text) refers to usart.o(.text) for usart_init
    main.o(.text) refers to noretval__2printf.o(.text) for __2printf
    main.o(.text) refers to sdcard.o(.text) for MMC_disk_initialize
    main.o(.text) refers to ff.o(.text) for f_mount
    main.o(.text) refers to system_stm32f10x.o(.data) for SystemCoreClock
    main.o(.text) refers to main.o(.bss) for FatFs
    main.o(.text) refers to main.o(.data) for cntdiskio
    usart.o(.text) refers to stm32f10x_rcc.o(.text) for RCC_APB2PeriphClockCmd
    usart.o(.text) refers to stm32f10x_gpio.o(.text) for GPIO_Init
    usart.o(.text) refers to stm32f10x_usart.o(.text) for USART_Init
    sdcard.o(.text) refers to stm32f10x_spi.o(.text) for SPI_I2S_SendData
    sdcard.o(.text) refers to stm32f10x_gpio.o(.text) for GPIO_SetBits
    sdcard.o(.text) refers to stm32f10x_rcc.o(.text) for RCC_APB2PeriphClockCmd
    sdcard.o(.text) refers to sdcard.o(.data) for Timer2
    sdcard.o(.text) refers to stm32f10x_rtc.o(.text) for RTC_GetCounter
    sdcard.o(.text) refers to localtime.o(.text) for localtime
    retarget.o(.text) refers (Special) to use_no_semi.o(.text) for __use_no_semihosting_swi
    retarget.o(.text) refers to usart.o(.text) for usart_send_byte
    retarget.o(.data) refers (Special) to use_no_semi.o(.text) for __use_no_semihosting_swi
    stm32f10x_rcc.o(.text) refers to stm32f10x_rcc.o(.data) for APBAHBPrescTable
    stm32f10x_usart.o(.text) refers to stm32f10x_rcc.o(.text) for RCC_APB2PeriphResetCmd
    stm32f10x_gpio.o(.text) refers to stm32f10x_rcc.o(.text) for RCC_APB2PeriphResetCmd
    startup_stm32f10x_md.o(STACK) refers (Special) to heapauxi.o(.text) for __use_two_region_memory
    startup_stm32f10x_md.o(HEAP) refers (Special) to heapauxi.o(.text) for __use_two_region_memory
    startup_stm32f10x_md.o(RESET) refers (Special) to heapauxi.o(.text) for __use_two_region_memory
    startup_stm32f10x_md.o(RESET) refers to startup_stm32f10x_md.o(STACK) for __initial_sp
    startup_stm32f10x_md.o(RESET) refers to startup_stm32f10x_md.o(.text) for Reset_Handler
    startup_stm32f10x_md.o(RESET) refers to main.o(.text) for SysTick_Handler
    startup_stm32f10x_md.o(.text) refers (Special) to heapauxi.o(.text) for __use_two_region_memory
    startup_stm32f10x_md.o(.text) refers to system_stm32f10x.o(.text) for SystemInit
    startup_stm32f10x_md.o(.text) refers to __main.o(!!!main) for __main
    startup_stm32f10x_md.o(.text) refers to startup_stm32f10x_md.o(HEAP) for Heap_Mem
    startup_stm32f10x_md.o(.text) refers to startup_stm32f10x_md.o(STACK) for Stack_Mem
    system_stm32f10x.o(.text) refers to system_stm32f10x.o(.data) for SystemCoreClock
    stm32f10x_spi.o(.text) refers to stm32f10x_rcc.o(.text) for RCC_APB2PeriphResetCmd
    stm32f10x_bkp.o(.text) refers to stm32f10x_rcc.o(.text) for RCC_BackupResetCmd
    stm32f10x_pwr.o(.text) refers to stm32f10x_rcc.o(.text) for RCC_APB1PeriphResetCmd
    diskio.o(.text) refers to sdcard.o(.text) for MMC_disk_status
    ff.o(.text) refers to diskio.o(.text) for disk_write
    ff.o(.text) refers to ff.o(.data) for FatFs
    ff.o(.text) refers to sdcard.o(.text) for get_fattime
    __2printf.o(.text) refers to _printf_char_file.o(.text) for _printf_char_file
    __2printf.o(.text) refers to retarget.o(.data) for __stdout
    noretval__2printf.o(.text) refers to _printf_char_file.o(.text) for _printf_char_file
    noretval__2printf.o(.text) refers to retarget.o(.data) for __stdout
    localtime.o(.text) refers to localtime_internal.o(.text) for _localtime_r
    localtime.o(.text) refers to localtime.o(.bss) for .bss
    __main.o(!!!main) refers to rtentry.o(.ARM.Collect$$rtentry$$00000000) for __rt_entry
    rtentry.o(.ARM.Collect$$rtentry$$00000000) refers (Special) to rtentry2.o(.ARM.Collect$$rtentry$$0000000A) for __rt_entry_li
    rtentry.o(.ARM.Collect$$rtentry$$00000000) refers (Special) to rtentry2.o(.ARM.Collect$$rtentry$$0000000D) for __rt_entry_main
    rtentry.o(.ARM.Collect$$rtentry$$00000000) refers (Special) to rtentry2.o(.ARM.Collect$$rtentry$$0000000C) for __rt_entry_postli_1
    rtentry.o(.ARM.Collect$$rtentry$$00000000) refers (Special) to rtentry2.o(.ARM.Collect$$rtentry$$00000009) for __rt_entry_postsh_1
    rtentry.o(.ARM.Collect$$rtentry$$00000000) refers (Special) to rtentry2.o(.ARM.Collect$$rtentry$$00000002) for __rt_entry_presh_1
    rtentry.o(.ARM.Collect$$rtentry$$00000000) refers (Special) to rtentry4.o(.ARM.Collect$$rtentry$$00000004) for __rt_entry_sh
    _printf_char_file.o(.text) refers to _printf_char_common.o(.text) for _printf_char_common
    _printf_char_file.o(.text) refers to retarget.o(.text) for ferror
    localtime_internal.o(.text) refers to rt_memclr_w.o(.text) for __aeabi_memclr4
    localtime_internal.o(.text) refers to _monlen.o(.constdata) for _monlen
    rtentry2.o(.ARM.Collect$$rtentry$$00000008) refers to boardinit2.o(.text) for _platform_post_stackheap_init
    rtentry2.o(.ARM.Collect$$rtentry$$0000000A) refers to libinit.o(.ARM.Collect$$libinit$$00000000) for __rt_lib_init
    rtentry2.o(.ARM.Collect$$rtentry$$0000000B) refers to boardinit3.o(.text) for _platform_post_lib_init
    rtentry2.o(.ARM.Collect$$rtentry$$0000000D) refers to main.o(.text) for main
    rtentry2.o(.ARM.Collect$$rtentry$$0000000D) refers to exit.o(.text) for exit
    rtentry2.o(.ARM.exidx) refers to rtentry2.o(.ARM.Collect$$rtentry$$00000001) for .ARM.Collect$$rtentry$$00000001
    rtentry2.o(.ARM.exidx) refers to rtentry2.o(.ARM.Collect$$rtentry$$00000008) for .ARM.Collect$$rtentry$$00000008
    rtentry2.o(.ARM.exidx) refers to rtentry2.o(.ARM.Collect$$rtentry$$0000000A) for .ARM.Collect$$rtentry$$0000000A
    rtentry2.o(.ARM.exidx) refers to rtentry2.o(.ARM.Collect$$rtentry$$0000000B) for .ARM.Collect$$rtentry$$0000000B
    rtentry2.o(.ARM.exidx) refers to rtentry2.o(.ARM.Collect$$rtentry$$0000000D) for .ARM.Collect$$rtentry$$0000000D
    rtentry4.o(.ARM.Collect$$rtentry$$00000004) refers to sys_stackheap_outer.o(.text) for __user_setup_stackheap
    rtentry4.o(.ARM.exidx) refers to rtentry4.o(.ARM.Collect$$rtentry$$00000004) for .ARM.Collect$$rtentry$$00000004
    _printf_char_common.o(.text) refers to __printf_nopercent.o(.text) for __printf
    sys_stackheap_outer.o(.text) refers to libspace.o(.text) for __user_perproc_libspace
    sys_stackheap_outer.o(.text) refers to startup_stm32f10x_md.o(.text) for __user_initial_stackheap
    exit.o(.text) refers to rtexit.o(.ARM.Collect$$rtexit$$00000000) for __rt_exit
    libinit.o(.ARM.Collect$$libinit$$00000000) refers (Special) to libinit2.o(.ARM.Collect$$libinit$$0000002C) for __rt_lib_init_alloca_1
    libinit.o(.ARM.Collect$$libinit$$00000000) refers (Special) to libinit2.o(.ARM.Collect$$libinit$$0000002A) for __rt_lib_init_argv_1
    libinit.o(.ARM.Collect$$libinit$$00000000) refers (Special) to libinit2.o(.ARM.Collect$$libinit$$00000019) for __rt_lib_init_atexit_1
    libinit.o(.ARM.Collect$$libinit$$00000000) refers (Special) to libinit2.o(.ARM.Collect$$libinit$$0000001F) for __rt_lib_init_clock_1
    libinit.o(.ARM.Collect$$libinit$$00000000) refers (Special) to libinit2.o(.ARM.Collect$$libinit$$00000030) for __rt_lib_init_cpp_1
    libinit.o(.ARM.Collect$$libinit$$00000000) refers (Special) to libinit2.o(.ARM.Collect$$libinit$$0000002E) for __rt_lib_init_exceptions_1
    libinit.o(.ARM.Collect$$libinit$$00000000) refers (Special) to libinit2.o(.ARM.Collect$$libinit$$00000002) for __rt_lib_init_fp_1
    libinit.o(.ARM.Collect$$libinit$$00000000) refers (Special) to libinit2.o(.ARM.Collect$$libinit$$0000001D) for __rt_lib_init_fp_trap_1
    libinit.o(.ARM.Collect$$libinit$$00000000) refers (Special) to libinit2.o(.ARM.Collect$$libinit$$00000021) for __rt_lib_init_getenv_1
    libinit.o(.ARM.Collect$$libinit$$00000000) refers (Special) to libinit2.o(.ARM.Collect$$libinit$$00000008) for __rt_lib_init_heap_1
    libinit.o(.ARM.Collect$$libinit$$00000000) refers (Special) to libinit2.o(.ARM.Collect$$libinit$$0000000F) for __rt_lib_init_lc_collate_1
    libinit.o(.ARM.Collect$$libinit$$00000000) refers (Special) to libinit2.o(.ARM.Collect$$libinit$$00000011) for __rt_lib_init_lc_ctype_1
    libinit.o(.ARM.Collect$$libinit$$00000000) refers (Special) to libinit2.o(.ARM.Collect$$libinit$$00000013) for __rt_lib_init_lc_monetary_1
    libinit.o(.ARM.Collect$$libinit$$00000000) refers (Special) to libinit2.o(.ARM.Collect$$libinit$$00000015) for __rt_lib_init_lc_numeric_1
    libinit.o(.ARM.Collect$$libinit$$00000000) refers (Special) to libinit2.o(.ARM.Collect$$libinit$$00000017) for __rt_lib_init_lc_time_1
    libinit.o(.ARM.Collect$$libinit$$00000000) refers (Special) to libinit2.o(.ARM.Collect$$libinit$$0000000C) for __rt_lib_init_rand_1
    libinit.o(.ARM.Collect$$libinit$$00000000) refers (Special) to libinit2.o(.ARM.Collect$$libinit$$00000031) for __rt_lib_init_return
    libinit.o(.ARM.Collect$$libinit$$00000000) refers (Special) to libinit2.o(.ARM.Collect$$libinit$$0000001B) for __rt_lib_init_signal_1
    libinit.o(.ARM.Collect$$libinit$$00000000) refers (Special) to libinit2.o(.ARM.Collect$$libinit$$00000023) for __rt_lib_init_stdio_1
    libinit.o(.ARM.Collect$$libinit$$00000000) refers (Special) to libinit2.o(.ARM.Collect$$libinit$$0000000A) for __rt_lib_init_user_alloc_1
    libspace.o(.text) refers to libspace.o(.bss) for __libspace_start
    rtexit.o(.ARM.Collect$$rtexit$$00000000) refers (Special) to rtexit2.o(.ARM.Collect$$rtexit$$00000004) for __rt_exit_exit
    rtexit.o(.ARM.Collect$$rtexit$$00000000) refers (Special) to rtexit2.o(.ARM.Collect$$rtexit$$00000003) for __rt_exit_ls
    rtexit.o(.ARM.Collect$$rtexit$$00000000) refers (Special) to rtexit2.o(.ARM.Collect$$rtexit$$00000002) for __rt_exit_prels_1
    rtexit.o(.ARM.exidx) refers (Special) to rtexit2.o(.ARM.Collect$$rtexit$$00000004) for __rt_exit_exit
    rtexit.o(.ARM.exidx) refers (Special) to rtexit2.o(.ARM.Collect$$rtexit$$00000003) for __rt_exit_ls
    rtexit.o(.ARM.exidx) refers (Special) to rtexit2.o(.ARM.Collect$$rtexit$$00000002) for __rt_exit_prels_1
    rtexit.o(.ARM.exidx) refers to rtexit.o(.ARM.Collect$$rtexit$$00000000) for .ARM.Collect$$rtexit$$00000000
    libinit2.o(.ARM.Collect$$libinit$$0000000E) refers to libinit2.o(.ARM.Collect$$libinit$$0000000D) for .ARM.Collect$$libinit$$0000000D
    libinit2.o(.ARM.Collect$$libinit$$00000010) refers to libinit2.o(.ARM.Collect$$libinit$$0000000D) for .ARM.Collect$$libinit$$0000000D
    libinit2.o(.ARM.Collect$$libinit$$00000012) refers to libinit2.o(.ARM.Collect$$libinit$$0000000D) for .ARM.Collect$$libinit$$0000000D
    libinit2.o(.ARM.Collect$$libinit$$00000014) refers to libinit2.o(.ARM.Collect$$libinit$$0000000D) for .ARM.Collect$$libinit$$0000000D
    libinit2.o(.ARM.Collect$$libinit$$00000016) refers to libinit2.o(.ARM.Collect$$libinit$$0000000D) for .ARM.Collect$$libinit$$0000000D
    libinit2.o(.ARM.Collect$$libinit$$00000024) refers to argv_veneer.o(.emb_text) for __ARM_argv_veneer
    libinit2.o(.ARM.Collect$$libinit$$00000025) refers to argv_veneer.o(.emb_text) for __ARM_argv_veneer
    rtexit2.o(.ARM.Collect$$rtexit$$00000003) refers to libshutdown.o(.ARM.Collect$$libshutdown$$00000000) for __rt_lib_shutdown
    rtexit2.o(.ARM.Collect$$rtexit$$00000004) refers to retarget.o(.text) for _sys_exit
    rtexit2.o(.ARM.exidx) refers to rtexit2.o(.ARM.Collect$$rtexit$$00000001) for .ARM.Collect$$rtexit$$00000001
    rtexit2.o(.ARM.exidx) refers to rtexit2.o(.ARM.Collect$$rtexit$$00000003) for .ARM.Collect$$rtexit$$00000003
    rtexit2.o(.ARM.exidx) refers to rtexit2.o(.ARM.Collect$$rtexit$$00000004) for .ARM.Collect$$rtexit$$00000004
    argv_veneer.o(.emb_text) refers to no_argv.o(.text) for __ARM_get_argv
    _get_argv_nomalloc.o(.text) refers (Special) to hrguard.o(.text) for __heap_region$guard
    _get_argv_nomalloc.o(.text) refers to defsig_rtmem_outer.o(.text) for __rt_SIGRTMEM
    _get_argv_nomalloc.o(.text) refers to sys_command.o(.text) for _sys_command_string
    libshutdown.o(.ARM.Collect$$libshutdown$$00000000) refers (Special) to libshutdown2.o(.ARM.Collect$$libshutdown$$00000006) for __rt_lib_shutdown_fp_trap_1
    libshutdown.o(.ARM.Collect$$libshutdown$$00000000) refers (Special) to libshutdown2.o(.ARM.Collect$$libshutdown$$0000000E) for __rt_lib_shutdown_heap_1
    libshutdown.o(.ARM.Collect$$libshutdown$$00000000) refers (Special) to libshutdown2.o(.ARM.Collect$$libshutdown$$0000000F) for __rt_lib_shutdown_return
    libshutdown.o(.ARM.Collect$$libshutdown$$00000000) refers (Special) to libshutdown2.o(.ARM.Collect$$libshutdown$$00000009) for __rt_lib_shutdown_signal_1
    libshutdown.o(.ARM.Collect$$libshutdown$$00000000) refers (Special) to libshutdown2.o(.ARM.Collect$$libshutdown$$00000003) for __rt_lib_shutdown_stdio_1
    libshutdown.o(.ARM.Collect$$libshutdown$$00000000) refers (Special) to libshutdown2.o(.ARM.Collect$$libshutdown$$0000000B) for __rt_lib_shutdown_user_alloc_1
    sys_command.o(.text) refers (Special) to use_no_semi.o(.text) for __I$use$semihosting
    sys_command.o(.text) refers (Special) to indicate_semi.o(.text) for __semihosting_library_function
    defsig_rtmem_outer.o(.text) refers to defsig_rtmem_inner.o(.text) for __rt_SIGRTMEM_inner
    defsig_rtmem_outer.o(.text) refers to defsig_exit.o(.text) for __sig_exit
    defsig_rtmem_formal.o(.text) refers to rt_raise.o(.text) for __rt_raise
    rt_raise.o(.text) refers to __raise.o(.text) for __raise
    rt_raise.o(.text) refers to retarget.o(.text) for _sys_exit
    defsig_exit.o(.text) refers to retarget.o(.text) for _sys_exit
    defsig_rtmem_inner.o(.text) refers to defsig_general.o(.text) for __default_signal_display
    __raise.o(.text) refers to defsig.o(CL$$defsig) for __default_signal_handler
    defsig_general.o(.text) refers to retarget.o(.text) for _ttywrch
    defsig.o(CL$$defsig) refers to defsig_rtmem_inner.o(.text) for __rt_SIGRTMEM_inner
    defsig_abrt_inner.o(.text) refers to defsig_general.o(.text) for __default_signal_display
    defsig_fpe_inner.o(.text) refers to defsig_general.o(.text) for __default_signal_display
    defsig_rtred_inner.o(.text) refers to defsig_general.o(.text) for __default_signal_display
    defsig_stak_inner.o(.text) refers to defsig_general.o(.text) for __default_signal_display
    defsig_pvfn_inner.o(.text) refers to defsig_general.o(.text) for __default_signal_display
    defsig_cppl_inner.o(.text) refers to defsig_general.o(.text) for __default_signal_display
    defsig_segv_inner.o(.text) refers to defsig_general.o(.text) for __default_signal_display
    defsig_other.o(.text) refers to defsig_general.o(.text) for __default_signal_display


==============================================================================

Removing Unused input sections from the image.

    Removing misc.o(.text), (220 bytes).
    Removing stm32f10x_bkp.o(.text), (196 bytes).
    Removing stm32f10x_pwr.o(.text), (204 bytes).

3 unused section(s) (total 620 bytes) removed from the image.

==============================================================================

Image Symbol Table

    Local Symbols

    Symbol Name                              Value     Ov Type        Size  Object(Section)

    ../clib/angel/boardlib.s                 0x00000000   Number         0  boardshut.o ABSOLUTE
    ../clib/angel/boardlib.s                 0x00000000   Number         0  boardinit3.o ABSOLUTE
    ../clib/angel/boardlib.s                 0x00000000   Number         0  boardinit2.o ABSOLUTE
    ../clib/angel/boardlib.s                 0x00000000   Number         0  boardinit1.o ABSOLUTE
    ../clib/angel/handlers.s                 0x00000000   Number         0  __scatter_zi.o ABSOLUTE
    ../clib/angel/handlers.s                 0x00000000   Number         0  __scatter_copy.o ABSOLUTE
    ../clib/angel/kernel.s                   0x00000000   Number         0  rtentry2.o ABSOLUTE
    ../clib/angel/kernel.s                   0x00000000   Number         0  rtentry4.o ABSOLUTE
    ../clib/angel/kernel.s                   0x00000000   Number         0  rtexit2.o ABSOLUTE
    ../clib/angel/kernel.s                   0x00000000   Number         0  rtentry.o ABSOLUTE
    ../clib/angel/kernel.s                   0x00000000   Number         0  rtexit.o ABSOLUTE
    ../clib/angel/rt.s                       0x00000000   Number         0  rt_raise.o ABSOLUTE
    ../clib/angel/scatter.s                  0x00000000   Number         0  __scatter.o ABSOLUTE
    ../clib/angel/startup.s                  0x00000000   Number         0  __main.o ABSOLUTE
    ../clib/angel/sys.s                      0x00000000   Number         0  sys_stackheap_outer.o ABSOLUTE
    ../clib/angel/sys.s                      0x00000000   Number         0  indicate_semi.o ABSOLUTE
    ../clib/angel/sys.s                      0x00000000   Number         0  use_no_semi.o ABSOLUTE
    ../clib/angel/sys.s                      0x00000000   Number         0  libspace.o ABSOLUTE
    ../clib/angel/sysapp.c                   0x00000000   Number         0  sys_command.o ABSOLUTE
    ../clib/armsys.c                         0x00000000   Number         0  argv_veneer.o ABSOLUTE
    ../clib/armsys.c                         0x00000000   Number         0  argv_veneer.o ABSOLUTE
    ../clib/armsys.c                         0x00000000   Number         0  _get_argv_nomalloc.o ABSOLUTE
    ../clib/armsys.c                         0x00000000   Number         0  no_argv.o ABSOLUTE
    ../clib/heapalloc.c                      0x00000000   Number         0  hrguard.o ABSOLUTE
    ../clib/heapaux.c                        0x00000000   Number         0  heapauxi.o ABSOLUTE
    ../clib/libinit.s                        0x00000000   Number         0  libinit2.o ABSOLUTE
    ../clib/libinit.s                        0x00000000   Number         0  libshutdown.o ABSOLUTE
    ../clib/libinit.s                        0x00000000   Number         0  libshutdown2.o ABSOLUTE
    ../clib/libinit.s                        0x00000000   Number         0  libinit.o ABSOLUTE
    ../clib/memcpset.s                       0x00000000   Number         0  rt_memclr_w.o ABSOLUTE
    ../clib/printf.c                         0x00000000   Number         0  noretval__2printf.o ABSOLUTE
    ../clib/printf.c                         0x00000000   Number         0  _printf_char_file.o ABSOLUTE
    ../clib/printf.c                         0x00000000   Number         0  __printf_nopercent.o ABSOLUTE
    ../clib/printf.c                         0x00000000   Number         0  _printf_char_common.o ABSOLUTE
    ../clib/printf.c                         0x00000000   Number         0  __2printf.o ABSOLUTE
    ../clib/signal.c                         0x00000000   Number         0  defsig_general.o ABSOLUTE
    ../clib/signal.c                         0x00000000   Number         0  __raise.o ABSOLUTE
    ../clib/signal.c                         0x00000000   Number         0  defsig_rtmem_inner.o ABSOLUTE
    ../clib/signal.c                         0x00000000   Number         0  defsig_rtmem_outer.o ABSOLUTE
    ../clib/signal.c                         0x00000000   Number         0  defsig_rtmem_formal.o ABSOLUTE
    ../clib/signal.c                         0x00000000   Number         0  defsig_pvfn_inner.o ABSOLUTE
    ../clib/signal.c                         0x00000000   Number         0  defsig_segv_inner.o ABSOLUTE
    ../clib/signal.c                         0x00000000   Number         0  defsig_stak_inner.o ABSOLUTE
    ../clib/signal.c                         0x00000000   Number         0  defsig_cppl_inner.o ABSOLUTE
    ../clib/signal.c                         0x00000000   Number         0  defsig_rtred_inner.o ABSOLUTE
    ../clib/signal.c                         0x00000000   Number         0  defsig_fpe_inner.o ABSOLUTE
    ../clib/signal.c                         0x00000000   Number         0  defsig_abrt_inner.o ABSOLUTE
    ../clib/signal.c                         0x00000000   Number         0  defsig_other.o ABSOLUTE
    ../clib/signal.c                         0x00000000   Number         0  defsig_exit.o ABSOLUTE
    ../clib/signal.s                         0x00000000   Number         0  defsig.o ABSOLUTE
    ../clib/stdlib.c                         0x00000000   Number         0  exit.o ABSOLUTE
    ../clib/time.c                           0x00000000   Number         0  localtime.o ABSOLUTE
    ../clib/time.c                           0x00000000   Number         0  localtime_internal.o ABSOLUTE
    ../clib/time.c                           0x00000000   Number         0  _monlen.o ABSOLUTE
    ../fplib/fpinit.s                        0x00000000   Number         0  fpinit.o ABSOLUTE
    ..\CMSIS\CM3\DeviceSupport\ST\STM32F10x\startup\arm\startup_stm32f10x_md.s 0x00000000   Number         0  startup_stm32f10x_md.o ABSOLUTE
    ..\CMSIS\CM3\DeviceSupport\ST\STM32F10x\system_stm32f10x.c 0x00000000   Number         0  system_stm32f10x.o ABSOLUTE
    ..\STM32F10x_StdPeriph_Driver\src\misc.c 0x00000000   Number         0  misc.o ABSOLUTE
    ..\STM32F10x_StdPeriph_Driver\src\stm32f10x_bkp.c 0x00000000   Number         0  stm32f10x_bkp.o ABSOLUTE
    ..\STM32F10x_StdPeriph_Driver\src\stm32f10x_gpio.c 0x00000000   Number         0  stm32f10x_gpio.o ABSOLUTE
    ..\STM32F10x_StdPeriph_Driver\src\stm32f10x_pwr.c 0x00000000   Number         0  stm32f10x_pwr.o ABSOLUTE
    ..\STM32F10x_StdPeriph_Driver\src\stm32f10x_rcc.c 0x00000000   Number         0  stm32f10x_rcc.o ABSOLUTE
    ..\STM32F10x_StdPeriph_Driver\src\stm32f10x_rtc.c 0x00000000   Number         0  stm32f10x_rtc.o ABSOLUTE
    ..\STM32F10x_StdPeriph_Driver\src\stm32f10x_spi.c 0x00000000   Number         0  stm32f10x_spi.o ABSOLUTE
    ..\STM32F10x_StdPeriph_Driver\src\stm32f10x_usart.c 0x00000000   Number         0  stm32f10x_usart.o ABSOLUTE
    ..\app\main.c                            0x00000000   Number         0  main.o ABSOLUTE
    ..\driver\retarget.c                     0x00000000   Number         0  retarget.o ABSOLUTE
    ..\driver\sdcard.c                       0x00000000   Number         0  sdcard.o ABSOLUTE
    ..\driver\usart.c                        0x00000000   Number         0  usart.o ABSOLUTE
    ..\ff11\src\diskio.c                     0x00000000   Number         0  diskio.o ABSOLUTE
    ..\ff11\src\ff.c                         0x00000000   Number         0  ff.o ABSOLUTE
    ..\ff11\src\option\syscall.c             0x00000000   Number         0  syscall.o ABSOLUTE
    dc.s                                     0x00000000   Number         0  dc.o ABSOLUTE
    RESET                                    0x08000000   Section      236  startup_stm32f10x_md.o(RESET)
    !!!main                                  0x080000ec   Section        8  __main.o(!!!main)
    !!!scatter                               0x080000f4   Section       52  __scatter.o(!!!scatter)
    !!handler_copy                           0x08000128   Section       26  __scatter_copy.o(!!handler_copy)
    !!handler_zi                             0x08000144   Section       28  __scatter_zi.o(!!handler_zi)
    .ARM.Collect$$libinit$$00000000          0x08000160   Section        2  libinit.o(.ARM.Collect$$libinit$$00000000)
    .ARM.Collect$$libinit$$00000002          0x08000162   Section        0  libinit2.o(.ARM.Collect$$libinit$$00000002)
    .ARM.Collect$$libinit$$00000008          0x08000162   Section        0  libinit2.o(.ARM.Collect$$libinit$$00000008)
    .ARM.Collect$$libinit$$0000000A          0x08000162   Section        0  libinit2.o(.ARM.Collect$$libinit$$0000000A)
    .ARM.Collect$$libinit$$0000000C          0x08000162   Section        0  libinit2.o(.ARM.Collect$$libinit$$0000000C)
    .ARM.Collect$$libinit$$0000000F          0x08000162   Section        0  libinit2.o(.ARM.Collect$$libinit$$0000000F)
    .ARM.Collect$$libinit$$00000011          0x08000162   Section        0  libinit2.o(.ARM.Collect$$libinit$$00000011)
    .ARM.Collect$$libinit$$00000013          0x08000162   Section        0  libinit2.o(.ARM.Collect$$libinit$$00000013)
    .ARM.Collect$$libinit$$00000015          0x08000162   Section        0  libinit2.o(.ARM.Collect$$libinit$$00000015)
    .ARM.Collect$$libinit$$00000017          0x08000162   Section        0  libinit2.o(.ARM.Collect$$libinit$$00000017)
    .ARM.Collect$$libinit$$00000019          0x08000162   Section        0  libinit2.o(.ARM.Collect$$libinit$$00000019)
    .ARM.Collect$$libinit$$0000001B          0x08000162   Section        0  libinit2.o(.ARM.Collect$$libinit$$0000001B)
    .ARM.Collect$$libinit$$0000001D          0x08000162   Section        0  libinit2.o(.ARM.Collect$$libinit$$0000001D)
    .ARM.Collect$$libinit$$0000001F          0x08000162   Section        0  libinit2.o(.ARM.Collect$$libinit$$0000001F)
    .ARM.Collect$$libinit$$00000021          0x08000162   Section        0  libinit2.o(.ARM.Collect$$libinit$$00000021)
    .ARM.Collect$$libinit$$00000023          0x08000162   Section        0  libinit2.o(.ARM.Collect$$libinit$$00000023)
    .ARM.Collect$$libinit$$0000002A          0x08000162   Section        0  libinit2.o(.ARM.Collect$$libinit$$0000002A)
    .ARM.Collect$$libinit$$0000002C          0x08000162   Section        0  libinit2.o(.ARM.Collect$$libinit$$0000002C)
    .ARM.Collect$$libinit$$0000002E          0x08000162   Section        0  libinit2.o(.ARM.Collect$$libinit$$0000002E)
    .ARM.Collect$$libinit$$00000030          0x08000162   Section        0  libinit2.o(.ARM.Collect$$libinit$$00000030)
    .ARM.Collect$$libinit$$00000031          0x08000162   Section        2  libinit2.o(.ARM.Collect$$libinit$$00000031)
    .ARM.Collect$$libshutdown$$00000000      0x08000164   Section        2  libshutdown.o(.ARM.Collect$$libshutdown$$00000000)
    .ARM.Collect$$libshutdown$$00000003      0x08000166   Section        0  libshutdown2.o(.ARM.Collect$$libshutdown$$00000003)
    .ARM.Collect$$libshutdown$$00000006      0x08000166   Section        0  libshutdown2.o(.ARM.Collect$$libshutdown$$00000006)
    .ARM.Collect$$libshutdown$$00000009      0x08000166   Section        0  libshutdown2.o(.ARM.Collect$$libshutdown$$00000009)
    .ARM.Collect$$libshutdown$$0000000B      0x08000166   Section        0  libshutdown2.o(.ARM.Collect$$libshutdown$$0000000B)
    .ARM.Collect$$libshutdown$$0000000E      0x08000166   Section        0  libshutdown2.o(.ARM.Collect$$libshutdown$$0000000E)
    .ARM.Collect$$libshutdown$$0000000F      0x08000166   Section        2  libshutdown2.o(.ARM.Collect$$libshutdown$$0000000F)
    .ARM.Collect$$rtentry$$00000000          0x08000168   Section        0  rtentry.o(.ARM.Collect$$rtentry$$00000000)
    .ARM.Collect$$rtentry$$00000002          0x08000168   Section        0  rtentry2.o(.ARM.Collect$$rtentry$$00000002)
    .ARM.Collect$$rtentry$$00000004          0x08000168   Section        6  rtentry4.o(.ARM.Collect$$rtentry$$00000004)
    .ARM.Collect$$rtentry$$00000009          0x0800016e   Section        0  rtentry2.o(.ARM.Collect$$rtentry$$00000009)
    .ARM.Collect$$rtentry$$0000000A          0x0800016e   Section        4  rtentry2.o(.ARM.Collect$$rtentry$$0000000A)
    .ARM.Collect$$rtentry$$0000000C          0x08000172   Section        0  rtentry2.o(.ARM.Collect$$rtentry$$0000000C)
    .ARM.Collect$$rtentry$$0000000D          0x08000172   Section        8  rtentry2.o(.ARM.Collect$$rtentry$$0000000D)
    .ARM.Collect$$rtexit$$00000000           0x0800017a   Section        2  rtexit.o(.ARM.Collect$$rtexit$$00000000)
    .ARM.Collect$$rtexit$$00000002           0x0800017c   Section        0  rtexit2.o(.ARM.Collect$$rtexit$$00000002)
    .ARM.Collect$$rtexit$$00000003           0x0800017c   Section        4  rtexit2.o(.ARM.Collect$$rtexit$$00000003)
    .ARM.Collect$$rtexit$$00000004           0x08000180   Section        6  rtexit2.o(.ARM.Collect$$rtexit$$00000004)
    .text                                    0x08000188   Section        0  main.o(.text)
    .text                                    0x0800026c   Section        0  usart.o(.text)
    .text                                    0x08000320   Section        0  sdcard.o(.text)
    interface_speed                          0x08000321   Thumb Code    28  sdcard.o(.text)
    socket_wp_init                           0x0800033d   Thumb Code     2  sdcard.o(.text)
    socket_cp_init                           0x0800033f   Thumb Code     2  sdcard.o(.text)
    card_power                               0x08000341   Thumb Code     4  sdcard.o(.text)
    chk_power                                0x08000345   Thumb Code     4  sdcard.o(.text)
    stm32_spi_rw                             0x08000349   Thumb Code    36  sdcard.o(.text)
    rcvr_spi                                 0x0800036d   Thumb Code    10  sdcard.o(.text)
    wait_ready                               0x08000377   Thumb Code    36  sdcard.o(.text)
    release_spi                              0x0800039b   Thumb Code    16  sdcard.o(.text)
    power_on                                 0x080003ab   Thumb Code   220  sdcard.o(.text)
    power_off                                0x08000487   Thumb Code    92  sdcard.o(.text)
    rcvr_datablock                           0x080004e3   Thumb Code   100  sdcard.o(.text)
    xmit_datablock                           0x08000547   Thumb Code    94  sdcard.o(.text)
    send_cmd                                 0x080005a5   Thumb Code   156  sdcard.o(.text)
    .text                                    0x08000bc8   Section        0  retarget.o(.text)
    SER_PutChar                              0x08000bc9   Thumb Code    14  retarget.o(.text)
    SER_GetChar                              0x08000bd7   Thumb Code     4  retarget.o(.text)
    .text                                    0x08000c1c   Section        0  stm32f10x_rcc.o(.text)
    .text                                    0x08000fc0   Section        0  stm32f10x_usart.o(.text)
    .text                                    0x080013c8   Section        0  stm32f10x_gpio.o(.text)
    .text                                    0x08001724   Section       64  startup_stm32f10x_md.o(.text)
    .text                                    0x08001764   Section        0  system_stm32f10x.o(.text)
    SetSysClockTo72                          0x08001765   Thumb Code   214  system_stm32f10x.o(.text)
    SetSysClock                              0x0800183b   Thumb Code     8  system_stm32f10x.o(.text)
    .text                                    0x08001944   Section        0  stm32f10x_spi.o(.text)
    .text                                    0x08001c50   Section        0  stm32f10x_rtc.o(.text)
    .text                                    0x08001d98   Section        0  diskio.o(.text)
    .text                                    0x08001e84   Section        0  ff.o(.text)
    mem_cpy                                  0x08001e85   Thumb Code    26  ff.o(.text)
    mem_set                                  0x08001e9f   Thumb Code    20  ff.o(.text)
    mem_cmp                                  0x08001eb3   Thumb Code    38  ff.o(.text)
    chk_chr                                  0x08001ed9   Thumb Code    20  ff.o(.text)
    sync_window                              0x08001eed   Thumb Code    82  ff.o(.text)
    move_window                              0x08001f3f   Thumb Code    52  ff.o(.text)
    sync_fs                                  0x08001f73   Thumb Code   200  ff.o(.text)
    remove_chain                             0x08002289   Thumb Code   108  ff.o(.text)
    create_chain                             0x080022f5   Thumb Code   214  ff.o(.text)
    dir_sdi                                  0x080023cb   Thumb Code   158  ff.o(.text)
    dir_next                                 0x08002469   Thumb Code   270  ff.o(.text)
    dir_alloc                                0x08002577   Thumb Code    92  ff.o(.text)
    ld_clust                                 0x080025d3   Thumb Code    32  ff.o(.text)
    st_clust                                 0x080025f3   Thumb Code    16  ff.o(.text)
    dir_find                                 0x08002603   Thumb Code    92  ff.o(.text)
    dir_read                                 0x0800265f   Thumb Code   114  ff.o(.text)
    dir_register                             0x080026d1   Thumb Code    58  ff.o(.text)
    dir_remove                               0x0800270b   Thumb Code    54  ff.o(.text)
    get_fileinfo                             0x08002741   Thumb Code   110  ff.o(.text)
    create_name                              0x080027af   Thumb Code   336  ff.o(.text)
    follow_path                              0x080028ff   Thumb Code   144  ff.o(.text)
    get_ldnumber                             0x0800298f   Thumb Code    72  ff.o(.text)
    check_fs                                 0x080029d7   Thumb Code   140  ff.o(.text)
    find_volume                              0x08002a63   Thumb Code   926  ff.o(.text)
    validate                                 0x08002e01   Thumb Code    54  ff.o(.text)
    .text                                    0x08003c4a   Section        2  use_no_semi.o(.text)
    .text                                    0x08003c4c   Section        0  noretval__2printf.o(.text)
    .text                                    0x08003c64   Section        0  localtime.o(.text)
    .text                                    0x08003c70   Section        0  heapauxi.o(.text)
    .text                                    0x08003c78   Section        0  _printf_char_file.o(.text)
    .text                                    0x08003c9c   Section        0  localtime_internal.o(.text)
    .text                                    0x08003d40   Section        0  _printf_char_common.o(.text)
    _printf_input_char                       0x08003d41   Thumb Code    10  _printf_char_common.o(.text)
    .text                                    0x08003d70   Section       78  rt_memclr_w.o(.text)
    .text                                    0x08003dbe   Section       74  sys_stackheap_outer.o(.text)
    .text                                    0x08003e08   Section        0  __printf_nopercent.o(.text)
    .text                                    0x08003e30   Section        0  exit.o(.text)
    .text                                    0x08003e3c   Section        8  libspace.o(.text)
    .constdata                               0x08003e44   Section       12  _monlen.o(.constdata)
    .data                                    0x20000000   Section        1  main.o(.data)
    cntdiskio                                0x20000000   Data           1  main.o(.data)
    .data                                    0x20000004   Section       20  sdcard.o(.data)
    Stat                                     0x20000004   Data           1  sdcard.o(.data)
    Timer1                                   0x20000008   Data           4  sdcard.o(.data)
    Timer2                                   0x2000000c   Data           4  sdcard.o(.data)
    CardType                                 0x20000010   Data           1  sdcard.o(.data)
    pv                                       0x20000014   Data           4  sdcard.o(.data)
    .data                                    0x20000018   Section       12  retarget.o(.data)
    .data                                    0x20000024   Section       20  stm32f10x_rcc.o(.data)
    APBAHBPrescTable                         0x20000024   Data          16  stm32f10x_rcc.o(.data)
    ADCPrescTable                            0x20000034   Data           4  stm32f10x_rcc.o(.data)
    .data                                    0x20000038   Section       20  system_stm32f10x.o(.data)
    .data                                    0x2000004c   Section        6  ff.o(.data)
    FatFs                                    0x2000004c   Data           4  ff.o(.data)
    Fsid                                     0x20000050   Data           2  ff.o(.data)
    .bss                                     0x20000054   Section      560  main.o(.bss)
    .bss                                     0x20000284   Section       44  localtime.o(.bss)
    _tms                                     0x20000284   Data          44  localtime.o(.bss)
    .bss                                     0x200002b0   Section       96  libspace.o(.bss)
    HEAP                                     0x20000310   Section     2048  startup_stm32f10x_md.o(HEAP)
    Heap_Mem                                 0x20000310   Data        2048  startup_stm32f10x_md.o(HEAP)
    STACK                                    0x20000b10   Section     1024  startup_stm32f10x_md.o(STACK)
    Stack_Mem                                0x20000b10   Data        1024  startup_stm32f10x_md.o(STACK)
    __initial_sp                             0x20000f10   Data           0  startup_stm32f10x_md.o(STACK)

    Global Symbols

    Symbol Name                              Value     Ov Type        Size  Object(Section)

    BuildAttributes$$THM_ISAv4$P$D$K$B$S$PE$A:L22UL41UL21$X:L11$S22US41US21$IEEE1$IW$USESV6$~STKCKD$USESV7$~SHL$OSPACE$ROPI$EBA8$UX$STANDARDLIB$REQ8$PRES8$EABIv2 0x00000000   Number         0  anon$$obj.o ABSOLUTE
    __ARM_use_no_argv                        0x00000000   Number         0  main.o ABSOLUTE
    __ARM_exceptions_init                     - Undefined Weak Reference
    __alloca_initialize                       - Undefined Weak Reference
    __cpp_initialize__aeabi_                  - Undefined Weak Reference
    __cxa_finalize                            - Undefined Weak Reference
    __rt_locale                               - Undefined Weak Reference
    __sigvec_lookup                           - Undefined Weak Reference
    _atexit_init                              - Undefined Weak Reference
    _call_atexit_fns                          - Undefined Weak Reference
    _clock_init                               - Undefined Weak Reference
    _fp_trap_init                             - Undefined Weak Reference
    _fp_trap_shutdown                         - Undefined Weak Reference
    _get_lc_collate                           - Undefined Weak Reference
    _get_lc_ctype                             - Undefined Weak Reference
    _get_lc_monetary                          - Undefined Weak Reference
    _get_lc_numeric                           - Undefined Weak Reference
    _get_lc_time                              - Undefined Weak Reference
    _getenv_init                              - Undefined Weak Reference
    _handle_redirection                       - Undefined Weak Reference
    _init_alloc                               - Undefined Weak Reference
    _init_user_alloc                          - Undefined Weak Reference
    _initio                                   - Undefined Weak Reference
    _rand_init                                - Undefined Weak Reference
    _signal_finish                            - Undefined Weak Reference
    _signal_init                              - Undefined Weak Reference
    _terminate_alloc                          - Undefined Weak Reference
    _terminate_user_alloc                     - Undefined Weak Reference
    _terminateio                              - Undefined Weak Reference
    __Vectors_Size                           0x000000ec   Number         0  startup_stm32f10x_md.o ABSOLUTE
    __Vectors                                0x08000000   Data           4  startup_stm32f10x_md.o(RESET)
    __Vectors_End                            0x080000ec   Data           0  startup_stm32f10x_md.o(RESET)
    __main                                   0x080000ed   Thumb Code     8  __main.o(!!!main)
    __scatterload                            0x080000f5   Thumb Code     0  __scatter.o(!!!scatter)
    __scatterload_rt2                        0x080000f5   Thumb Code    44  __scatter.o(!!!scatter)
    __scatterload_rt2_thumb_only             0x080000f5   Thumb Code     0  __scatter.o(!!!scatter)
    __scatterload_null                       0x08000103   Thumb Code     0  __scatter.o(!!!scatter)
    __scatterload_copy                       0x08000129   Thumb Code    26  __scatter_copy.o(!!handler_copy)
    __scatterload_zeroinit                   0x08000145   Thumb Code    28  __scatter_zi.o(!!handler_zi)
    __rt_lib_init                            0x08000161   Thumb Code     0  libinit.o(.ARM.Collect$$libinit$$00000000)
    __rt_lib_init_alloca_1                   0x08000163   Thumb Code     0  libinit2.o(.ARM.Collect$$libinit$$0000002C)
    __rt_lib_init_argv_1                     0x08000163   Thumb Code     0  libinit2.o(.ARM.Collect$$libinit$$0000002A)
    __rt_lib_init_atexit_1                   0x08000163   Thumb Code     0  libinit2.o(.ARM.Collect$$libinit$$00000019)
    __rt_lib_init_clock_1                    0x08000163   Thumb Code     0  libinit2.o(.ARM.Collect$$libinit$$0000001F)
    __rt_lib_init_cpp_1                      0x08000163   Thumb Code     0  libinit2.o(.ARM.Collect$$libinit$$00000030)
    __rt_lib_init_exceptions_1               0x08000163   Thumb Code     0  libinit2.o(.ARM.Collect$$libinit$$0000002E)
    __rt_lib_init_fp_1                       0x08000163   Thumb Code     0  libinit2.o(.ARM.Collect$$libinit$$00000002)
    __rt_lib_init_fp_trap_1                  0x08000163   Thumb Code     0  libinit2.o(.ARM.Collect$$libinit$$0000001D)
    __rt_lib_init_getenv_1                   0x08000163   Thumb Code     0  libinit2.o(.ARM.Collect$$libinit$$00000021)
    __rt_lib_init_heap_1                     0x08000163   Thumb Code     0  libinit2.o(.ARM.Collect$$libinit$$00000008)
    __rt_lib_init_lc_collate_1               0x08000163   Thumb Code     0  libinit2.o(.ARM.Collect$$libinit$$0000000F)
    __rt_lib_init_lc_ctype_1                 0x08000163   Thumb Code     0  libinit2.o(.ARM.Collect$$libinit$$00000011)
    __rt_lib_init_lc_monetary_1              0x08000163   Thumb Code     0  libinit2.o(.ARM.Collect$$libinit$$00000013)
    __rt_lib_init_lc_numeric_1               0x08000163   Thumb Code     0  libinit2.o(.ARM.Collect$$libinit$$00000015)
    __rt_lib_init_lc_time_1                  0x08000163   Thumb Code     0  libinit2.o(.ARM.Collect$$libinit$$00000017)
    __rt_lib_init_rand_1                     0x08000163   Thumb Code     0  libinit2.o(.ARM.Collect$$libinit$$0000000C)
    __rt_lib_init_return                     0x08000163   Thumb Code     0  libinit2.o(.ARM.Collect$$libinit$$00000031)
    __rt_lib_init_signal_1                   0x08000163   Thumb Code     0  libinit2.o(.ARM.Collect$$libinit$$0000001B)
    __rt_lib_init_stdio_1                    0x08000163   Thumb Code     0  libinit2.o(.ARM.Collect$$libinit$$00000023)
    __rt_lib_init_user_alloc_1               0x08000163   Thumb Code     0  libinit2.o(.ARM.Collect$$libinit$$0000000A)
    __rt_lib_shutdown                        0x08000165   Thumb Code     0  libshutdown.o(.ARM.Collect$$libshutdown$$00000000)
    __rt_lib_shutdown_fp_trap_1              0x08000167   Thumb Code     0  libshutdown2.o(.ARM.Collect$$libshutdown$$00000006)
    __rt_lib_shutdown_heap_1                 0x08000167   Thumb Code     0  libshutdown2.o(.ARM.Collect$$libshutdown$$0000000E)
    __rt_lib_shutdown_return                 0x08000167   Thumb Code     0  libshutdown2.o(.ARM.Collect$$libshutdown$$0000000F)
    __rt_lib_shutdown_signal_1               0x08000167   Thumb Code     0  libshutdown2.o(.ARM.Collect$$libshutdown$$00000009)
    __rt_lib_shutdown_stdio_1                0x08000167   Thumb Code     0  libshutdown2.o(.ARM.Collect$$libshutdown$$00000003)
    __rt_lib_shutdown_user_alloc_1           0x08000167   Thumb Code     0  libshutdown2.o(.ARM.Collect$$libshutdown$$0000000B)
    __rt_entry                               0x08000169   Thumb Code     0  rtentry.o(.ARM.Collect$$rtentry$$00000000)
    __rt_entry_presh_1                       0x08000169   Thumb Code     0  rtentry2.o(.ARM.Collect$$rtentry$$00000002)
    __rt_entry_sh                            0x08000169   Thumb Code     0  rtentry4.o(.ARM.Collect$$rtentry$$00000004)
    __rt_entry_li                            0x0800016f   Thumb Code     0  rtentry2.o(.ARM.Collect$$rtentry$$0000000A)
    __rt_entry_postsh_1                      0x0800016f   Thumb Code     0  rtentry2.o(.ARM.Collect$$rtentry$$00000009)
    __rt_entry_main                          0x08000173   Thumb Code     0  rtentry2.o(.ARM.Collect$$rtentry$$0000000D)
    __rt_entry_postli_1                      0x08000173   Thumb Code     0  rtentry2.o(.ARM.Collect$$rtentry$$0000000C)
    __rt_exit                                0x0800017b   Thumb Code     0  rtexit.o(.ARM.Collect$$rtexit$$00000000)
    __rt_exit_ls                             0x0800017d   Thumb Code     0  rtexit2.o(.ARM.Collect$$rtexit$$00000003)
    __rt_exit_prels_1                        0x0800017d   Thumb Code     0  rtexit2.o(.ARM.Collect$$rtexit$$00000002)
    __rt_exit_exit                           0x08000181   Thumb Code     0  rtexit2.o(.ARM.Collect$$rtexit$$00000004)
    main                                     0x08000189   Thumb Code   140  main.o(.text)
    SysTick_Handler                          0x08000215   Thumb Code    38  main.o(.text)
    usart_init                               0x0800026d   Thumb Code   142  usart.o(.text)
    usart_send_byte                          0x080002fb   Thumb Code    28  usart.o(.text)
    MMC_disk_initialize                      0x08000641   Thumb Code   318  sdcard.o(.text)
    MMC_disk_status                          0x0800077f   Thumb Code     6  sdcard.o(.text)
    MMC_disk_read                            0x08000785   Thumb Code   122  sdcard.o(.text)
    MMC_disk_write                           0x080007ff   Thumb Code   156  sdcard.o(.text)
    MMC_disk_ioctl                           0x0800089b   Thumb Code   602  sdcard.o(.text)
    disk_timerproc                           0x08000af5   Thumb Code   140  sdcard.o(.text)
    get_fattime                              0x08000b81   Thumb Code    62  sdcard.o(.text)
    fputc                                    0x08000bdb   Thumb Code    24  retarget.o(.text)
    fgetc                                    0x08000bf3   Thumb Code    16  retarget.o(.text)
    ferror                                   0x08000c03   Thumb Code     8  retarget.o(.text)
    _ttywrch                                 0x08000c0b   Thumb Code    12  retarget.o(.text)
    _sys_exit                                0x08000c17   Thumb Code     4  retarget.o(.text)
    RCC_DeInit                               0x08000c1d   Thumb Code    64  stm32f10x_rcc.o(.text)
    RCC_HSEConfig                            0x08000c5d   Thumb Code    70  stm32f10x_rcc.o(.text)
    RCC_GetFlagStatus                        0x08000ca3   Thumb Code    56  stm32f10x_rcc.o(.text)
    RCC_WaitForHSEStartUp                    0x08000cdb   Thumb Code    56  stm32f10x_rcc.o(.text)
    RCC_AdjustHSICalibrationValue            0x08000d13   Thumb Code    20  stm32f10x_rcc.o(.text)
    RCC_HSICmd                               0x08000d27   Thumb Code     6  stm32f10x_rcc.o(.text)
    RCC_PLLConfig                            0x08000d2d   Thumb Code    24  stm32f10x_rcc.o(.text)
    RCC_PLLCmd                               0x08000d45   Thumb Code     6  stm32f10x_rcc.o(.text)
    RCC_SYSCLKConfig                         0x08000d4b   Thumb Code    18  stm32f10x_rcc.o(.text)
    RCC_GetSYSCLKSource                      0x08000d5d   Thumb Code    10  stm32f10x_rcc.o(.text)
    RCC_HCLKConfig                           0x08000d67   Thumb Code    18  stm32f10x_rcc.o(.text)
    RCC_PCLK1Config                          0x08000d79   Thumb Code    18  stm32f10x_rcc.o(.text)
    RCC_PCLK2Config                          0x08000d8b   Thumb Code    20  stm32f10x_rcc.o(.text)
    RCC_ITConfig                             0x08000d9f   Thumb Code    26  stm32f10x_rcc.o(.text)
    RCC_USBCLKConfig                         0x08000db9   Thumb Code     8  stm32f10x_rcc.o(.text)
    RCC_ADCCLKConfig                         0x08000dc1   Thumb Code    18  stm32f10x_rcc.o(.text)
    RCC_LSEConfig                            0x08000dd3   Thumb Code    50  stm32f10x_rcc.o(.text)
    RCC_LSICmd                               0x08000e05   Thumb Code     6  stm32f10x_rcc.o(.text)
    RCC_RTCCLKConfig                         0x08000e0b   Thumb Code    12  stm32f10x_rcc.o(.text)
    RCC_RTCCLKCmd                            0x08000e17   Thumb Code     8  stm32f10x_rcc.o(.text)
    RCC_GetClocksFreq                        0x08000e1f   Thumb Code   192  stm32f10x_rcc.o(.text)
    RCC_AHBPeriphClockCmd                    0x08000edf   Thumb Code    26  stm32f10x_rcc.o(.text)
    RCC_APB2PeriphClockCmd                   0x08000ef9   Thumb Code    26  stm32f10x_rcc.o(.text)
    RCC_APB1PeriphClockCmd                   0x08000f13   Thumb Code    26  stm32f10x_rcc.o(.text)
    RCC_APB2PeriphResetCmd                   0x08000f2d   Thumb Code    26  stm32f10x_rcc.o(.text)
    RCC_APB1PeriphResetCmd                   0x08000f47   Thumb Code    26  stm32f10x_rcc.o(.text)
    RCC_BackupResetCmd                       0x08000f61   Thumb Code     8  stm32f10x_rcc.o(.text)
    RCC_ClockSecuritySystemCmd               0x08000f69   Thumb Code     6  stm32f10x_rcc.o(.text)
    RCC_MCOConfig                            0x08000f6f   Thumb Code     6  stm32f10x_rcc.o(.text)
    RCC_ClearFlag                            0x08000f75   Thumb Code    14  stm32f10x_rcc.o(.text)
    RCC_GetITStatus                          0x08000f83   Thumb Code    20  stm32f10x_rcc.o(.text)
    RCC_ClearITPendingBit                    0x08000f97   Thumb Code     6  stm32f10x_rcc.o(.text)
    USART_DeInit                             0x08000fc1   Thumb Code   134  stm32f10x_usart.o(.text)
    USART_Init                               0x08001047   Thumb Code   210  stm32f10x_usart.o(.text)
    USART_StructInit                         0x08001119   Thumb Code    24  stm32f10x_usart.o(.text)
    USART_ClockInit                          0x08001131   Thumb Code    34  stm32f10x_usart.o(.text)
    USART_ClockStructInit                    0x08001153   Thumb Code    12  stm32f10x_usart.o(.text)
    USART_Cmd                                0x0800115f   Thumb Code    24  stm32f10x_usart.o(.text)
    USART_ITConfig                           0x08001177   Thumb Code    74  stm32f10x_usart.o(.text)
    USART_DMACmd                             0x080011c1   Thumb Code    18  stm32f10x_usart.o(.text)
    USART_SetAddress                         0x080011d3   Thumb Code    18  stm32f10x_usart.o(.text)
    USART_WakeUpConfig                       0x080011e5   Thumb Code    18  stm32f10x_usart.o(.text)
    USART_ReceiverWakeUpCmd                  0x080011f7   Thumb Code    24  stm32f10x_usart.o(.text)
    USART_LINBreakDetectLengthConfig         0x0800120f   Thumb Code    18  stm32f10x_usart.o(.text)
    USART_LINCmd                             0x08001221   Thumb Code    24  stm32f10x_usart.o(.text)
    USART_SendData                           0x08001239   Thumb Code     8  stm32f10x_usart.o(.text)
    USART_ReceiveData                        0x08001241   Thumb Code    10  stm32f10x_usart.o(.text)
    USART_SendBreak                          0x0800124b   Thumb Code    10  stm32f10x_usart.o(.text)
    USART_SetGuardTime                       0x08001255   Thumb Code    16  stm32f10x_usart.o(.text)
    USART_SetPrescaler                       0x08001265   Thumb Code    16  stm32f10x_usart.o(.text)
    USART_SmartCardCmd                       0x08001275   Thumb Code    24  stm32f10x_usart.o(.text)
    USART_SmartCardNACKCmd                   0x0800128d   Thumb Code    24  stm32f10x_usart.o(.text)
    USART_HalfDuplexCmd                      0x080012a5   Thumb Code    24  stm32f10x_usart.o(.text)
    USART_OverSampling8Cmd                   0x080012bd   Thumb Code    22  stm32f10x_usart.o(.text)
    USART_OneBitMethodCmd                    0x080012d3   Thumb Code    24  stm32f10x_usart.o(.text)
    USART_IrDAConfig                         0x080012eb   Thumb Code    18  stm32f10x_usart.o(.text)
    USART_IrDACmd                            0x080012fd   Thumb Code    24  stm32f10x_usart.o(.text)
    USART_GetFlagStatus                      0x08001315   Thumb Code    26  stm32f10x_usart.o(.text)
    USART_ClearFlag                          0x0800132f   Thumb Code    18  stm32f10x_usart.o(.text)
    USART_GetITStatus                        0x08001341   Thumb Code    84  stm32f10x_usart.o(.text)
    USART_ClearITPendingBit                  0x08001395   Thumb Code    52  stm32f10x_usart.o(.text)
    GPIO_DeInit                              0x080013c9   Thumb Code   172  stm32f10x_gpio.o(.text)
    GPIO_AFIODeInit                          0x08001475   Thumb Code    20  stm32f10x_gpio.o(.text)
    GPIO_Init                                0x08001489   Thumb Code   278  stm32f10x_gpio.o(.text)
    GPIO_StructInit                          0x0800159f   Thumb Code    16  stm32f10x_gpio.o(.text)
    GPIO_ReadInputDataBit                    0x080015af   Thumb Code    18  stm32f10x_gpio.o(.text)
    GPIO_ReadInputData                       0x080015c1   Thumb Code     8  stm32f10x_gpio.o(.text)
    GPIO_ReadOutputDataBit                   0x080015c9   Thumb Code    18  stm32f10x_gpio.o(.text)
    GPIO_ReadOutputData                      0x080015db   Thumb Code     8  stm32f10x_gpio.o(.text)
    GPIO_SetBits                             0x080015e3   Thumb Code     4  stm32f10x_gpio.o(.text)
    GPIO_ResetBits                           0x080015e7   Thumb Code     4  stm32f10x_gpio.o(.text)
    GPIO_WriteBit                            0x080015eb   Thumb Code    10  stm32f10x_gpio.o(.text)
    GPIO_Write                               0x080015f5   Thumb Code     4  stm32f10x_gpio.o(.text)
    GPIO_PinLockConfig                       0x080015f9   Thumb Code    18  stm32f10x_gpio.o(.text)
    GPIO_EventOutputConfig                   0x0800160b   Thumb Code    26  stm32f10x_gpio.o(.text)
    GPIO_EventOutputCmd                      0x08001625   Thumb Code     6  stm32f10x_gpio.o(.text)
    GPIO_PinRemapConfig                      0x0800162b   Thumb Code   138  stm32f10x_gpio.o(.text)
    GPIO_EXTILineConfig                      0x080016b5   Thumb Code    66  stm32f10x_gpio.o(.text)
    GPIO_ETH_MediaInterfaceConfig            0x080016f7   Thumb Code     8  stm32f10x_gpio.o(.text)
    Reset_Handler                            0x08001725   Thumb Code     8  startup_stm32f10x_md.o(.text)
    NMI_Handler                              0x0800172d   Thumb Code     2  startup_stm32f10x_md.o(.text)
    HardFault_Handler                        0x0800172f   Thumb Code     2  startup_stm32f10x_md.o(.text)
    MemManage_Handler                        0x08001731   Thumb Code     2  startup_stm32f10x_md.o(.text)
    BusFault_Handler                         0x08001733   Thumb Code     2  startup_stm32f10x_md.o(.text)
    UsageFault_Handler                       0x08001735   Thumb Code     2  startup_stm32f10x_md.o(.text)
    SVC_Handler                              0x08001737   Thumb Code     2  startup_stm32f10x_md.o(.text)
    DebugMon_Handler                         0x08001739   Thumb Code     2  startup_stm32f10x_md.o(.text)
    PendSV_Handler                           0x0800173b   Thumb Code     2  startup_stm32f10x_md.o(.text)
    ADC1_2_IRQHandler                        0x0800173f   Thumb Code     0  startup_stm32f10x_md.o(.text)
    CAN1_RX1_IRQHandler                      0x0800173f   Thumb Code     0  startup_stm32f10x_md.o(.text)
    CAN1_SCE_IRQHandler                      0x0800173f   Thumb Code     0  startup_stm32f10x_md.o(.text)
    DMA1_Channel1_IRQHandler                 0x0800173f   Thumb Code     0  startup_stm32f10x_md.o(.text)
    DMA1_Channel2_IRQHandler                 0x0800173f   Thumb Code     0  startup_stm32f10x_md.o(.text)
    DMA1_Channel3_IRQHandler                 0x0800173f   Thumb Code     0  startup_stm32f10x_md.o(.text)
    DMA1_Channel4_IRQHandler                 0x0800173f   Thumb Code     0  startup_stm32f10x_md.o(.text)
    DMA1_Channel5_IRQHandler                 0x0800173f   Thumb Code     0  startup_stm32f10x_md.o(.text)
    DMA1_Channel6_IRQHandler                 0x0800173f   Thumb Code     0  startup_stm32f10x_md.o(.text)
    DMA1_Channel7_IRQHandler                 0x0800173f   Thumb Code     0  startup_stm32f10x_md.o(.text)
    EXTI0_IRQHandler                         0x0800173f   Thumb Code     0  startup_stm32f10x_md.o(.text)
    EXTI15_10_IRQHandler                     0x0800173f   Thumb Code     0  startup_stm32f10x_md.o(.text)
    EXTI1_IRQHandler                         0x0800173f   Thumb Code     0  startup_stm32f10x_md.o(.text)
    EXTI2_IRQHandler                         0x0800173f   Thumb Code     0  startup_stm32f10x_md.o(.text)
    EXTI3_IRQHandler                         0x0800173f   Thumb Code     0  startup_stm32f10x_md.o(.text)
    EXTI4_IRQHandler                         0x0800173f   Thumb Code     0  startup_stm32f10x_md.o(.text)
    EXTI9_5_IRQHandler                       0x0800173f   Thumb Code     0  startup_stm32f10x_md.o(.text)
    FLASH_IRQHandler                         0x0800173f   Thumb Code     0  startup_stm32f10x_md.o(.text)
    I2C1_ER_IRQHandler                       0x0800173f   Thumb Code     0  startup_stm32f10x_md.o(.text)
    I2C1_EV_IRQHandler                       0x0800173f   Thumb Code     0  startup_stm32f10x_md.o(.text)
    I2C2_ER_IRQHandler                       0x0800173f   Thumb Code     0  startup_stm32f10x_md.o(.text)
    I2C2_EV_IRQHandler                       0x0800173f   Thumb Code     0  startup_stm32f10x_md.o(.text)
    PVD_IRQHandler                           0x0800173f   Thumb Code     0  startup_stm32f10x_md.o(.text)
    RCC_IRQHandler                           0x0800173f   Thumb Code     0  startup_stm32f10x_md.o(.text)
    RTCAlarm_IRQHandler                      0x0800173f   Thumb Code     0  startup_stm32f10x_md.o(.text)
    RTC_IRQHandler                           0x0800173f   Thumb Code     0  startup_stm32f10x_md.o(.text)
    SPI1_IRQHandler                          0x0800173f   Thumb Code     0  startup_stm32f10x_md.o(.text)
    SPI2_IRQHandler                          0x0800173f   Thumb Code     0  startup_stm32f10x_md.o(.text)
    TAMPER_IRQHandler                        0x0800173f   Thumb Code     0  startup_stm32f10x_md.o(.text)
    TIM1_BRK_IRQHandler                      0x0800173f   Thumb Code     0  startup_stm32f10x_md.o(.text)
    TIM1_CC_IRQHandler                       0x0800173f   Thumb Code     0  startup_stm32f10x_md.o(.text)
    TIM1_TRG_COM_IRQHandler                  0x0800173f   Thumb Code     0  startup_stm32f10x_md.o(.text)
    TIM1_UP_IRQHandler                       0x0800173f   Thumb Code     0  startup_stm32f10x_md.o(.text)
    TIM2_IRQHandler                          0x0800173f   Thumb Code     0  startup_stm32f10x_md.o(.text)
    TIM3_IRQHandler                          0x0800173f   Thumb Code     0  startup_stm32f10x_md.o(.text)
    TIM4_IRQHandler                          0x0800173f   Thumb Code     0  startup_stm32f10x_md.o(.text)
    USART1_IRQHandler                        0x0800173f   Thumb Code     0  startup_stm32f10x_md.o(.text)
    USART2_IRQHandler                        0x0800173f   Thumb Code     0  startup_stm32f10x_md.o(.text)
    USART3_IRQHandler                        0x0800173f   Thumb Code     0  startup_stm32f10x_md.o(.text)
    USBWakeUp_IRQHandler                     0x0800173f   Thumb Code     0  startup_stm32f10x_md.o(.text)
    USB_HP_CAN1_TX_IRQHandler                0x0800173f   Thumb Code     0  startup_stm32f10x_md.o(.text)
    USB_LP_CAN1_RX0_IRQHandler               0x0800173f   Thumb Code     0  startup_stm32f10x_md.o(.text)
    WWDG_IRQHandler                          0x0800173f   Thumb Code     0  startup_stm32f10x_md.o(.text)
    __user_initial_stackheap                 0x08001741   Thumb Code     0  startup_stm32f10x_md.o(.text)
    SystemInit                               0x08001843   Thumb Code    78  system_stm32f10x.o(.text)
    SystemCoreClockUpdate                    0x08001891   Thumb Code   142  system_stm32f10x.o(.text)
    SPI_I2S_DeInit                           0x08001945   Thumb Code    76  stm32f10x_spi.o(.text)
    SPI_Init                                 0x08001991   Thumb Code    60  stm32f10x_spi.o(.text)
    I2S_Init                                 0x080019cd   Thumb Code   226  stm32f10x_spi.o(.text)
    SPI_StructInit                           0x08001aaf   Thumb Code    24  stm32f10x_spi.o(.text)
    I2S_StructInit                           0x08001ac7   Thumb Code    20  stm32f10x_spi.o(.text)
    SPI_Cmd                                  0x08001adb   Thumb Code    24  stm32f10x_spi.o(.text)
    I2S_Cmd                                  0x08001af3   Thumb Code    24  stm32f10x_spi.o(.text)
    SPI_I2S_ITConfig                         0x08001b0b   Thumb Code    32  stm32f10x_spi.o(.text)
    SPI_I2S_DMACmd                           0x08001b2b   Thumb Code    18  stm32f10x_spi.o(.text)
    SPI_I2S_SendData                         0x08001b3d   Thumb Code     4  stm32f10x_spi.o(.text)
    SPI_I2S_ReceiveData                      0x08001b41   Thumb Code     6  stm32f10x_spi.o(.text)
    SPI_NSSInternalSoftwareConfig            0x08001b47   Thumb Code    30  stm32f10x_spi.o(.text)
    SPI_SSOutputCmd                          0x08001b65   Thumb Code    24  stm32f10x_spi.o(.text)
    SPI_DataSizeConfig                       0x08001b7d   Thumb Code    18  stm32f10x_spi.o(.text)
    SPI_TransmitCRC                          0x08001b8f   Thumb Code    10  stm32f10x_spi.o(.text)
    SPI_CalculateCRC                         0x08001b99   Thumb Code    24  stm32f10x_spi.o(.text)
    SPI_GetCRC                               0x08001bb1   Thumb Code    16  stm32f10x_spi.o(.text)
    SPI_GetCRCPolynomial                     0x08001bc1   Thumb Code     6  stm32f10x_spi.o(.text)
    SPI_BiDirectionalLineConfig              0x08001bc7   Thumb Code    28  stm32f10x_spi.o(.text)
    SPI_I2S_GetFlagStatus                    0x08001be3   Thumb Code    18  stm32f10x_spi.o(.text)
    SPI_I2S_ClearFlag                        0x08001bf5   Thumb Code     6  stm32f10x_spi.o(.text)
    SPI_I2S_GetITStatus                      0x08001bfb   Thumb Code    52  stm32f10x_spi.o(.text)
    SPI_I2S_ClearITPendingBit                0x08001c2f   Thumb Code    20  stm32f10x_spi.o(.text)
    RTC_ITConfig                             0x08001c51   Thumb Code    26  stm32f10x_rtc.o(.text)
    RTC_EnterConfigMode                      0x08001c6b   Thumb Code    18  stm32f10x_rtc.o(.text)
    RTC_ExitConfigMode                       0x08001c7d   Thumb Code    20  stm32f10x_rtc.o(.text)
    RTC_GetCounter                           0x08001c91   Thumb Code    18  stm32f10x_rtc.o(.text)
    RTC_SetCounter                           0x08001ca3   Thumb Code    26  stm32f10x_rtc.o(.text)
    RTC_SetPrescaler                         0x08001cbd   Thumb Code    28  stm32f10x_rtc.o(.text)
    RTC_SetAlarm                             0x08001cd9   Thumb Code    26  stm32f10x_rtc.o(.text)
    RTC_GetDivider                           0x08001cf3   Thumb Code    22  stm32f10x_rtc.o(.text)
    RTC_WaitForLastTask                      0x08001d09   Thumb Code    18  stm32f10x_rtc.o(.text)
    RTC_WaitForSynchro                       0x08001d1b   Thumb Code    36  stm32f10x_rtc.o(.text)
    RTC_GetFlagStatus                        0x08001d3f   Thumb Code    22  stm32f10x_rtc.o(.text)
    RTC_ClearFlag                            0x08001d55   Thumb Code    16  stm32f10x_rtc.o(.text)
    RTC_GetITStatus                          0x08001d65   Thumb Code    32  stm32f10x_rtc.o(.text)
    RTC_ClearITPendingBit                    0x08001d85   Thumb Code    16  stm32f10x_rtc.o(.text)
    disk_status                              0x08001d99   Thumb Code    38  diskio.o(.text)
    disk_initialize                          0x08001dbf   Thumb Code    38  diskio.o(.text)
    disk_read                                0x08001de5   Thumb Code    54  diskio.o(.text)
    disk_write                               0x08001e1b   Thumb Code    54  diskio.o(.text)
    disk_ioctl                               0x08001e51   Thumb Code    50  diskio.o(.text)
    clust2sect                               0x0800203b   Thumb Code    26  ff.o(.text)
    get_fat                                  0x08002055   Thumb Code   242  ff.o(.text)
    put_fat                                  0x08002147   Thumb Code   322  ff.o(.text)
    f_mount                                  0x08002e37   Thumb Code    86  ff.o(.text)
    f_open                                   0x08002e8d   Thumb Code   354  ff.o(.text)
    f_read                                   0x08002fef   Thumb Code   434  ff.o(.text)
    f_write                                  0x080031a1   Thumb Code   472  ff.o(.text)
    f_sync                                   0x08003379   Thumb Code   176  ff.o(.text)
    f_close                                  0x08003429   Thumb Code    32  ff.o(.text)
    f_lseek                                  0x08003449   Thumb Code   382  ff.o(.text)
    f_opendir                                0x080035c7   Thumb Code   110  ff.o(.text)
    f_closedir                               0x08003635   Thumb Code    22  ff.o(.text)
    f_readdir                                0x0800364b   Thumb Code    88  ff.o(.text)
    f_stat                                   0x080036a3   Thumb Code    60  ff.o(.text)
    f_getfree                                0x080036df   Thumb Code   258  ff.o(.text)
    f_truncate                               0x080037e1   Thumb Code   184  ff.o(.text)
    f_unlink                                 0x08003899   Thumb Code   166  ff.o(.text)
    f_mkdir                                  0x0800393f   Thumb Code   352  ff.o(.text)
    f_chmod                                  0x08003a9f   Thumb Code    84  ff.o(.text)
    f_rename                                 0x08003af3   Thumb Code   258  ff.o(.text)
    f_utime                                  0x08003bf5   Thumb Code    86  ff.o(.text)
    __I$use$semihosting                      0x08003c4b   Thumb Code     0  use_no_semi.o(.text)
    __use_no_semihosting_swi                 0x08003c4b   Thumb Code     2  use_no_semi.o(.text)
    __2printf                                0x08003c4d   Thumb Code    20  noretval__2printf.o(.text)
    localtime                                0x08003c65   Thumb Code     6  localtime.o(.text)
    __use_two_region_memory                  0x08003c71   Thumb Code     2  heapauxi.o(.text)
    __rt_heap_escrow$2region                 0x08003c73   Thumb Code     2  heapauxi.o(.text)
    __rt_heap_expand$2region                 0x08003c75   Thumb Code     2  heapauxi.o(.text)
    _printf_char_file                        0x08003c79   Thumb Code    32  _printf_char_file.o(.text)
    _localtime_r                             0x08003c9d   Thumb Code   158  localtime_internal.o(.text)
    _n$localtime_r                           0x08003c9d   Thumb Code     0  localtime_internal.o(.text)
    _printf_char_common                      0x08003d4b   Thumb Code    32  _printf_char_common.o(.text)
    __aeabi_memclr4                          0x08003d71   Thumb Code     0  rt_memclr_w.o(.text)
    __aeabi_memclr8                          0x08003d71   Thumb Code     0  rt_memclr_w.o(.text)
    __rt_memclr_w                            0x08003d71   Thumb Code    78  rt_memclr_w.o(.text)
    _memset_w                                0x08003d75   Thumb Code     0  rt_memclr_w.o(.text)
    __user_setup_stackheap                   0x08003dbf   Thumb Code    74  sys_stackheap_outer.o(.text)
    __printf                                 0x08003e09   Thumb Code    40  __printf_nopercent.o(.text)
    exit                                     0x08003e31   Thumb Code    12  exit.o(.text)
    __user_libspace                          0x08003e3d   Thumb Code     8  libspace.o(.text)
    __user_perproc_libspace                  0x08003e3d   Thumb Code     0  libspace.o(.text)
    __user_perthread_libspace                0x08003e3d   Thumb Code     0  libspace.o(.text)
    _monlen                                  0x08003e44   Data          12  _monlen.o(.constdata)
    Region$$Table$$Base                      0x08003e50   Number         0  anon$$obj.o(Region$$Table)
    Region$$Table$$Limit                     0x08003e70   Number         0  anon$$obj.o(Region$$Table)
    __stdout                                 0x20000018   Data           4  retarget.o(.data)
    __stdin                                  0x2000001c   Data           4  retarget.o(.data)
    __stderr                                 0x20000020   Data           4  retarget.o(.data)
    SystemCoreClock                          0x20000038   Data           4  system_stm32f10x.o(.data)
    AHBPrescTable                            0x2000003c   Data          16  system_stm32f10x.o(.data)
    FatFs                                    0x20000054   Data         560  main.o(.bss)
    __libspace_start                         0x200002b0   Data          96  libspace.o(.bss)
    __temporary_stack_top$libspace           0x20000310   Data           0  libspace.o(.bss)



==============================================================================

Memory Map of the image

  Image Entry point : 0x080000ed

  Load Region LR_IROM1 (Base: 0x08000000, Size: 0x00003ec4, Max: 0x00010000, ABSOLUTE)

    Execution Region ER_IROM1 (Base: 0x08000000, Size: 0x00003e70, Max: 0x00010000, ABSOLUTE)

    Base Addr    Size         Type   Attr      Idx    E Section Name        Object

    0x08000000   0x000000ec   Data   RO          237    RESET               startup_stm32f10x_md.o
    0x080000ec   0x00000008   Code   RO          366  * !!!main             c_w.l(__main.o)
    0x080000f4   0x00000034   Code   RO          525    !!!scatter          c_w.l(__scatter.o)
    0x08000128   0x0000001a   Code   RO          527    !!handler_copy      c_w.l(__scatter_copy.o)
    0x08000142   0x00000002   PAD
    0x08000144   0x0000001c   Code   RO          529    !!handler_zi        c_w.l(__scatter_zi.o)
    0x08000160   0x00000002   Code   RO          404    .ARM.Collect$$libinit$$00000000  c_w.l(libinit.o)
    0x08000162   0x00000000   Code   RO          411    .ARM.Collect$$libinit$$00000002  c_w.l(libinit2.o)
    0x08000162   0x00000000   Code   RO          414    .ARM.Collect$$libinit$$00000008  c_w.l(libinit2.o)
    0x08000162   0x00000000   Code   RO          416    .ARM.Collect$$libinit$$0000000A  c_w.l(libinit2.o)
    0x08000162   0x00000000   Code   RO          418    .ARM.Collect$$libinit$$0000000C  c_w.l(libinit2.o)
    0x08000162   0x00000000   Code   RO          421    .ARM.Collect$$libinit$$0000000F  c_w.l(libinit2.o)
    0x08000162   0x00000000   Code   RO          423    .ARM.Collect$$libinit$$00000011  c_w.l(libinit2.o)
    0x08000162   0x00000000   Code   RO          425    .ARM.Collect$$libinit$$00000013  c_w.l(libinit2.o)
    0x08000162   0x00000000   Code   RO          427    .ARM.Collect$$libinit$$00000015  c_w.l(libinit2.o)
    0x08000162   0x00000000   Code   RO          429    .ARM.Collect$$libinit$$00000017  c_w.l(libinit2.o)
    0x08000162   0x00000000   Code   RO          431    .ARM.Collect$$libinit$$00000019  c_w.l(libinit2.o)
    0x08000162   0x00000000   Code   RO          433    .ARM.Collect$$libinit$$0000001B  c_w.l(libinit2.o)
    0x08000162   0x00000000   Code   RO          435    .ARM.Collect$$libinit$$0000001D  c_w.l(libinit2.o)
    0x08000162   0x00000000   Code   RO          437    .ARM.Collect$$libinit$$0000001F  c_w.l(libinit2.o)
    0x08000162   0x00000000   Code   RO          439    .ARM.Collect$$libinit$$00000021  c_w.l(libinit2.o)
    0x08000162   0x00000000   Code   RO          441    .ARM.Collect$$libinit$$00000023  c_w.l(libinit2.o)
    0x08000162   0x00000000   Code   RO          445    .ARM.Collect$$libinit$$0000002A  c_w.l(libinit2.o)
    0x08000162   0x00000000   Code   RO          447    .ARM.Collect$$libinit$$0000002C  c_w.l(libinit2.o)
    0x08000162   0x00000000   Code   RO          449    .ARM.Collect$$libinit$$0000002E  c_w.l(libinit2.o)
    0x08000162   0x00000000   Code   RO          451    .ARM.Collect$$libinit$$00000030  c_w.l(libinit2.o)
    0x08000162   0x00000002   Code   RO          452    .ARM.Collect$$libinit$$00000031  c_w.l(libinit2.o)
    0x08000164   0x00000002   Code   RO          470    .ARM.Collect$$libshutdown$$00000000  c_w.l(libshutdown.o)
    0x08000166   0x00000000   Code   RO          481    .ARM.Collect$$libshutdown$$00000003  c_w.l(libshutdown2.o)
    0x08000166   0x00000000   Code   RO          484    .ARM.Collect$$libshutdown$$00000006  c_w.l(libshutdown2.o)
    0x08000166   0x00000000   Code   RO          487    .ARM.Collect$$libshutdown$$00000009  c_w.l(libshutdown2.o)
    0x08000166   0x00000000   Code   RO          489    .ARM.Collect$$libshutdown$$0000000B  c_w.l(libshutdown2.o)
    0x08000166   0x00000000   Code   RO          492    .ARM.Collect$$libshutdown$$0000000E  c_w.l(libshutdown2.o)
    0x08000166   0x00000002   Code   RO          493    .ARM.Collect$$libshutdown$$0000000F  c_w.l(libshutdown2.o)
    0x08000168   0x00000000   Code   RO          368    .ARM.Collect$$rtentry$$00000000  c_w.l(rtentry.o)
    0x08000168   0x00000000   Code   RO          374    .ARM.Collect$$rtentry$$00000002  c_w.l(rtentry2.o)
    0x08000168   0x00000006   Code   RO          386    .ARM.Collect$$rtentry$$00000004  c_w.l(rtentry4.o)
    0x0800016e   0x00000000   Code   RO          376    .ARM.Collect$$rtentry$$00000009  c_w.l(rtentry2.o)
    0x0800016e   0x00000004   Code   RO          377    .ARM.Collect$$rtentry$$0000000A  c_w.l(rtentry2.o)
    0x08000172   0x00000000   Code   RO          379    .ARM.Collect$$rtentry$$0000000C  c_w.l(rtentry2.o)
    0x08000172   0x00000008   Code   RO          380    .ARM.Collect$$rtentry$$0000000D  c_w.l(rtentry2.o)
    0x0800017a   0x00000002   Code   RO          408    .ARM.Collect$$rtexit$$00000000  c_w.l(rtexit.o)
    0x0800017c   0x00000000   Code   RO          454    .ARM.Collect$$rtexit$$00000002  c_w.l(rtexit2.o)
    0x0800017c   0x00000004   Code   RO          455    .ARM.Collect$$rtexit$$00000003  c_w.l(rtexit2.o)
    0x08000180   0x00000006   Code   RO          456    .ARM.Collect$$rtexit$$00000004  c_w.l(rtexit2.o)
    0x08000186   0x00000002   PAD
    0x08000188   0x000000e4   Code   RO            1    .text               main.o
    0x0800026c   0x000000b4   Code   RO          127    .text               usart.o
    0x08000320   0x000008a8   Code   RO          143    .text               sdcard.o
    0x08000bc8   0x00000052   Code   RO          166    .text               retarget.o
    0x08000c1a   0x00000002   PAD
    0x08000c1c   0x000003a4   Code   RO          197    .text               stm32f10x_rcc.o
    0x08000fc0   0x00000408   Code   RO          211    .text               stm32f10x_usart.o
    0x080013c8   0x0000035c   Code   RO          223    .text               stm32f10x_gpio.o
    0x08001724   0x00000040   Code   RO          238    .text               startup_stm32f10x_md.o
    0x08001764   0x000001e0   Code   RO          243    .text               system_stm32f10x.o
    0x08001944   0x0000030c   Code   RO          261    .text               stm32f10x_spi.o
    0x08001c50   0x00000148   Code   RO          297    .text               stm32f10x_rtc.o
    0x08001d98   0x000000ea   Code   RO          309    .text               diskio.o
    0x08001e82   0x00000002   PAD
    0x08001e84   0x00001dc6   Code   RO          321    .text               ff.o
    0x08003c4a   0x00000002   Code   RO          355    .text               c_w.l(use_no_semi.o)
    0x08003c4c   0x00000018   Code   RO          359    .text               c_w.l(noretval__2printf.o)
    0x08003c64   0x0000000c   Code   RO          361    .text               c_w.l(localtime.o)
    0x08003c70   0x00000006   Code   RO          364    .text               c_w.l(heapauxi.o)
    0x08003c76   0x00000002   PAD
    0x08003c78   0x00000024   Code   RO          369    .text               c_w.l(_printf_char_file.o)
    0x08003c9c   0x000000a4   Code   RO          371    .text               c_w.l(localtime_internal.o)
    0x08003d40   0x00000030   Code   RO          388    .text               c_w.l(_printf_char_common.o)
    0x08003d70   0x0000004e   Code   RO          390    .text               c_w.l(rt_memclr_w.o)
    0x08003dbe   0x0000004a   Code   RO          393    .text               c_w.l(sys_stackheap_outer.o)
    0x08003e08   0x00000028   Code   RO          395    .text               c_w.l(__printf_nopercent.o)
    0x08003e30   0x0000000c   Code   RO          397    .text               c_w.l(exit.o)
    0x08003e3c   0x00000008   Code   RO          405    .text               c_w.l(libspace.o)
    0x08003e44   0x0000000c   Data   RO          392    .constdata          c_w.l(_monlen.o)
    0x08003e50   0x00000020   Data   RO          523    Region$$Table       anon$$obj.o


    Execution Region RW_IRAM1 (Base: 0x20000000, Size: 0x00000f10, Max: 0x00005000, ABSOLUTE)

    Base Addr    Size         Type   Attr      Idx    E Section Name        Object

    0x20000000   0x00000001   Data   RW            3    .data               main.o
    0x20000001   0x00000003   PAD
    0x20000004   0x00000014   Data   RW          144    .data               sdcard.o
    0x20000018   0x0000000c   Data   RW          167    .data               retarget.o
    0x20000024   0x00000014   Data   RW          198    .data               stm32f10x_rcc.o
    0x20000038   0x00000014   Data   RW          244    .data               system_stm32f10x.o
    0x2000004c   0x00000006   Data   RW          322    .data               ff.o
    0x20000052   0x00000002   PAD
    0x20000054   0x00000230   Zero   RW            2    .bss                main.o
    0x20000284   0x0000002c   Zero   RW          362    .bss                c_w.l(localtime.o)
    0x200002b0   0x00000060   Zero   RW          406    .bss                c_w.l(libspace.o)
    0x20000310   0x00000800   Zero   RW          236    HEAP                startup_stm32f10x_md.o
    0x20000b10   0x00000400   Zero   RW          235    STACK               startup_stm32f10x_md.o


==============================================================================

Image component sizes


      Code (inc. data)   RO Data    RW Data    ZI Data      Debug   Object Name

       234          0          0          0          0       2246   diskio.o
      7622         42          0          6          0      24347   ff.o
       228         50          0          1        560     255938   main.o
        82          0          0         12          0       3130   retarget.o
      2216         72          0         20          0      10245   sdcard.o
        64         26        236          0       3072        888   startup_stm32f10x_md.o
       860         38          0          0          0       5633   stm32f10x_gpio.o
       932         36          0         20          0       8784   stm32f10x_rcc.o
       328          4          0          0          0       2658   stm32f10x_rtc.o
       780         14          0          0          0       6518   stm32f10x_spi.o
      1032         22          0          0          0       8360   stm32f10x_usart.o
       480         38          0         20          0       1875   system_stm32f10x.o
       180         10          0          0          0        781   usart.o

    ----------------------------------------------------------------------
     15042        352        268         84       3632     331403   Object Totals
         0          0         32          0          0          0   (incl. Generated)
         4          0          0          5          0          0   (incl. Padding)

    ----------------------------------------------------------------------

      Code (inc. data)   RO Data    RW Data    ZI Data      Debug   Library Member Name

         8          0          0          0          0         68   __main.o
        40          0          0          0          0         84   __printf_nopercent.o
        52          8          0          0          0          0   __scatter.o
        26          0          0          0          0          0   __scatter_copy.o
        28          0          0          0          0          0   __scatter_zi.o
         0          0         12          0          0          0   _monlen.o
        48          6          0          0          0         96   _printf_char_common.o
        36          4          0          0          0         80   _printf_char_file.o
        12          0          0          0          0         72   exit.o
         6          0          0          0          0        152   heapauxi.o
         2          0          0          0          0          0   libinit.o
         2          0          0          0          0          0   libinit2.o
         2          0          0          0          0          0   libshutdown.o
         2          0          0          0          0          0   libshutdown2.o
         8          4          0          0         96         68   libspace.o
        12          6          0          0         44         68   localtime.o
       164          6          0          0          0         80   localtime_internal.o
        24          4          0          0          0         84   noretval__2printf.o
        78          0          0          0          0         80   rt_memclr_w.o
         0          0          0          0          0          0   rtentry.o
        12          0          0          0          0          0   rtentry2.o
         6          0          0          0          0          0   rtentry4.o
         2          0          0          0          0          0   rtexit.o
        10          0          0          0          0          0   rtexit2.o
        74          0          0          0          0         80   sys_stackheap_outer.o
         2          0          0          0          0         68   use_no_semi.o

    ----------------------------------------------------------------------
       662         38         12          0        140       1080   Library Totals
         6          0          0          0          0          0   (incl. Padding)

    ----------------------------------------------------------------------

      Code (inc. data)   RO Data    RW Data    ZI Data      Debug   Library Name

       656         38         12          0        140       1080   c_w.l

    ----------------------------------------------------------------------
       662         38         12          0        140       1080   Library Totals

    ----------------------------------------------------------------------

==============================================================================


      Code (inc. data)   RO Data    RW Data    ZI Data      Debug   

     15704        390        280         84       3772     330815   Grand Totals
     15704        390        280         84       3772     330815   ELF Image Totals
     15704        390        280         84          0          0   ROM Totals

==============================================================================

    Total RO  Size (Code + RO Data)                15984 (  15.61kB)
    Total RW  Size (RW Data + ZI Data)              3856 (   3.77kB)
    Total ROM Size (Code + RO Data + RW Data)      16068 (  15.69kB)

==============================================================================

