<html>
<body>
<pre>
<h1>µVision Build Log</h1>
<h2>Project:</h2>
D:\GITHUB\datalogger\MDK-ARM\project.uvproj
Project File Date:  09/02/2015

<h2>Output:</h2>
Build target 'STM32F103C8T6'
linking...
Program Size: Code=19376 RO-data=1708 RW-data=84 ZI-data=4748  
"..\Output\project.axf" - 0 Error(s), 0 Warning(s).
</pre>
</body>
</html>
2f10x_usart.c...
compiling stm32f10x_gpio.c...
assembling startup_stm32f10x_md.s...
compiling system_stm32f10x.c...
compiling stm32f10x_spi.c...
compiling stm32f10x_bkp.c...
compiling stm32f10x_pwr.c...
compiling stm32f10x_rtc.c...
compiling ff.c...
..\ff11\src\ff.c(1127): warning:  #111-D: statement is unreachable
                        w = (w << 8) + b;
..\ff11\src\ff.c: 1 warning, 0 errors
compiling fattime.c...
compiling ccsbcs.c...
linking...
Program Size: Code=19376 RO-data=1708 RW-data=84 ZI-data=4748  
"..\Output\project.axf" - 0 Error(s), 1 Warning(s).
