<html>
<body>
<pre>
<h1>µVision Build Log</h1>
<h2>Project:</h2>
D:\GITHUB\datalogger\MDK-ARM\project.uvproj
Project File Date:  09/02/2015

<h2>Output:</h2>
Build target 'STM32F103C8T6'
compiling stm32f10x_rtc.c...
linking...
Program Size: Code=14908 RO-data=280 RW-data=164 ZI-data=19340  
"..\Output\project.axf" - 0 Error(s), 0 Warning(s).
</pre>
</body>
</html>
ned symbol RTC_GetCounter (referred from rtc.o).
..\Output\project.axf: Error: L6218E: Undefined symbol RTC_GetITStatus (referred from rtc.o).
..\Output\project.axf: Error: L6218E: Undefined symbol RTC_ITConfig (referred from rtc.o).
..\Output\project.axf: Error: L6218E: Undefined symbol RTC_SetCounter (referred from rtc.o).
..\Output\project.axf: Error: L6218E: Undefined symbol RTC_SetPrescaler (referred from rtc.o).
Not enough information to list image symbols.
Finished: 1 information, 0 warning and 6 error messages.
"..\Output\project.axf" - 6 Error(s), 0 Warning(s).
Target not created
cannot open source input file "stm32f10x_conf.h": No such file or directory
    #include "stm32f10x_conf.h"
..\STM32F10x_StdPeriph_Driver\src\stm32f10x_rcc.c: 0 warnings, 1 error
compiling stm32f10x_usart.c...
..\CMSIS\CM3\DeviceSupport\ST\STM32F10x\stm32f10x.h(8297): error:  #5: cannot open source input file "stm32f10x_conf.h": No such file or directory
    #include "stm32f10x_conf.h"
..\STM32F10x_StdPeriph_Driver\src\stm32f10x_usart.c: 0 warnings, 1 error
compiling stm32f10x_gpio.c...
..\CMSIS\CM3\DeviceSupport\ST\STM32F10x\stm32f10x.h(8297): error:  #5: cannot open source input file "stm32f10x_conf.h": No such file or directory
    #include "stm32f10x_conf.h"
..\STM32F10x_StdPeriph_Driver\src\stm32f10x_gpio.c: 0 warnings, 1 error
assembling startup_stm32f10x_md.s...
compiling system_stm32f10x.c...
..\CMSIS\CM3\DeviceSupport\ST\STM32F10x\stm32f10x.h(8297): error:  #5: cannot open source input file "stm32f10x_conf.h": No such file or directory
    #include "stm32f10x_conf.h"
..\CMSIS\CM3\DeviceSupport\ST\STM32F10x\system_stm32f10x.c: 0 warnings, 1 error
"..\Output\project.axf" - 7 Error(s), 0 Warning(s).
Target not created
