<html>
<body>
<pre>
<h1>µVision Build Log</h1>
<h2>Project:</h2>
D:\GITHUB\datalogger\MDK-ARM\project.uvproj
Project File Date:  09/02/2015

<h2>Output:</h2>
Build target 'STM32F103C8T6'
compiling main.c...
..\app\main.c(12): warning:  #177-D: variable "line" was declared but never referenced
      char line[82]; /* Line buffer */
..\app\main.c(13): warning:  #550-D: variable "fr" was set but never used
      FRESULT fr;    /* FatFs return code */
..\app\main.c(51): warning:  #1-D: last line of file ends without a newline
  }
..\app\main.c: 3 warnings, 0 errors
linking...
Program Size: Code=16720 RO-data=280 RW-data=84 ZI-data=2236  
"..\Output\project.axf" - 0 Error(s), 3 Warning(s).
Load "..\\Output\\project.axf" 
Erase Done.
Programming Done.
Verify OK.
Application running ...
ng system_stm32f10x.c...
compiling stm32f10x_spi.c...
compiling stm32f10x_bkp.c...
compiling stm32f10x_pwr.c...
compiling stm32f10x_rtc.c...
compiling ff.c...
compiling diskio.c...
linking...
Program Size: Code=16656 RO-data=280 RW-data=84 ZI-data=2236  
"..\Output\project.axf" - 0 Error(s), 3 Warning(s).
Load "..\\Output\\project.axf" 
Erase Done.
Programming Done.
Verify OK.
Application running ...
 1 Error(s), 3 Warning(s).
Target not created
