<html>
<body>
<pre>
<h1>µVision Build Log</h1>
<h2>Project:</h2>
D:\GITHUB\datalogger\MDK-ARM\project.uvproj
Project File Date:  09/02/2015

<h2>Output:</h2>
Build target 'STM32F103C8T6'
compiling main.c...
linking...
Program Size: Code=19388 RO-data=1708 RW-data=84 ZI-data=3724  
"..\Output\project.axf" - 0 Error(s), 0 Warning(s).
Load "..\\Output\\project.axf" 
Erase Done.
Programming Done.
Verify OK.
Application running ...

Load "..\\Output\\project.axf" 
Erase Done.
Programming Done.
Verify OK.
Application running ...
put\project.axf" - 0 Error(s), 2 Warning(s).
art.c...
compiling sdcard.c...
compiling retarget.c...
compiling misc.c...
compiling stm32f10x_rcc.c...
compiling stm32f10x_usart.c...
compiling stm32f10x_gpio.c...
assembling startup_stm32f10x_md.s...
compiling system_stm32f10x.c...
compiling stm32f10x_spi.c...
compiling stm32f10x_bkp.c...
compiling stm32f10x_pwr.c...
compiling stm32f10x_rtc.c...
compiling ff.c...
..\ff11\src\ff.c(1127): warning:  #111-D: statement is unreachable
                        w = (w << 8) + b;
..\ff11\src\ff.c: 1 warning, 0 errors
compiling fattime.c...
linking...
..\Output\project.axf: Error: L6218E: Undefined symbol ff_convert (referred from ff.o).
..\Output\project.axf: Error: L6218E: Undefined symbol ff_wtoupper (referred from ff.o).
Not enough information to list image symbols.
Finished: 1 information, 0 warning and 2 error messages.
"..\Output\project.axf" - 2 Error(s), 4 Warning(s).
Target not created
