<html>
<body>
<pre>
<h1>µVision Build Log</h1>
<h2>Project:</h2>
D:\GITHUB\datalogger\MDK-ARM\project.uvproj
Project File Date:  09/02/2015

<h2>Output:</h2>
Build target 'STM32F103C8T6'
compiling main.c...
linking...
Program Size: Code=20148 RO-data=1712 RW-data=84 ZI-data=4748  
"..\Output\project.axf" - 0 Error(s), 0 Warning(s).
Load "..\\Output\\project.axf" 
Erase Done.
Programming Done.
Verify OK.
Application running ...
f10x_spi.c...
compiling stm32f10x_bkp.c...
compiling stm32f10x_pwr.c...
compiling stm32f10x_rtc.c...
compiling stm32f10x_dma.c...
compiling ff.c...
..\ff11\src\ff.c(1127): warning:  #111-D: statement is unreachable
                        w = (w << 8) + b;
..\ff11\src\ff.c: 1 warning, 0 errors
compiling fattime.c...
compiling ccsbcs.c...
linking...
Program Size: Code=20152 RO-data=1712 RW-data=84 ZI-data=3724  
"..\Output\project.axf" - 0 Error(s), 1 Warning(s).
oject.axf" - 0 Error(s), 1 Warning(s).
Load "..\\Output\\project.axf" 
Erase Done.
Programming Done.
Verify OK.
Application running ...
Load "..\\Output\\project.axf" 
Erase Done.
Programming Done.
Verify OK.
Application running ...
tion to list image symbols.
Finished: 1 information, 0 warning and 4 error messages.
"..\Output\project.axf" - 4 Error(s), 1 Warning(s).
Target not created
