<html>
<body>
<pre>
<h1>µVision Build Log</h1>
<h2>Project:</h2>
D:\GITHUB\datalogger\MDK-ARM\project.uvproj
Project File Date:  09/01/2015

<h2>Output:</h2>
Build target 'STM32F103C8T6'
compiling usart.c...
linking...
Program Size: Code=3816 RO-data=268 RW-data=40 ZI-data=1632  
"..\Output\project.axf" - 0 Error(s), 0 Warning(s).
Load "..\\Output\\project.axf" 
Error: Flash Download failed  -  Target DLL has been cancelled
Load "..\\Output\\project.axf" 
Error: Flash Download failed  -  Target DLL has been cancelled
Load "..\\Output\\project.axf" 
Erase Done.
Programming Done.
Verify OK.
Application running ...
f* USARTx);
..\STM32F10x_StdPeriph_Driver\inc\stm32f10x_usart.h(365): error:  #90: function returning function is not allowed
  void USART_DeInit(USART_TypeDef* USARTx);
..\STM32F10x_StdPeriph_Driver\inc\stm32f10x_usart.h(366): error:  #79: expected a type specifier
  void USART_Init(USART_TypeDef* USARTx, USART_InitTypeDef* USART_InitStruct);
..\STM32F10x_StdPeriph_Driver\inc\stm32f10x_usart.h(366): error:  #90: function returning function is not allowed
  void USART_Init(USART_TypeDef* USARTx, USART_InitTypeDef* USART_InitStruct);
..\STM32F10x_StdPeriph_Driver\inc\stm32f10x_usart.h(368): error:  #79: expected a type specifier
  void USART_ClockInit(USART_TypeDef* USARTx, USART_ClockInitTypeDef* USART_ClockInitStruct);
..\STM32F10x_StdPeriph_Driver\inc\stm32f10x_usart.h(368): error:  #90: function returning function is not allowed
  void USART_ClockInit(USART_TypeDef* USARTx, USART_ClockInitTypeDef* USART_ClockInitStruct);
..\STM32F10x_StdPeriph_Driver\inc\stm32f10x_usart.h(370): error:  #79: expected a type specifier
  void USART_Cmd(USART_TypeDef* USARTx, FunctionalState NewState);
..\STM32F10x_StdPeriph_Driver\inc\stm32f10x_usart.h(370): error:  #90: function returning function is not allowed
  void USART_Cmd(USART_TypeDef* USARTx, FunctionalState NewState);
..\STM32F10x_StdPeriph_Driver\inc\stm32f10x_usart.h(371): error:  #79: expected a type specifier
  void USART_ITConfig(USART_TypeDef* USARTx, uint16_t USART_IT, FunctionalState NewState);
..\STM32F10x_StdPeriph_Driver\inc\stm32f10x_usart.h(371): error:  #90: function returning function is not allowed
  void USART_ITConfig(USART_TypeDef* USARTx, uint16_t USART_IT, FunctionalState NewState);
..\STM32F10x_StdPeriph_Driver\inc\stm32f10x_usart.h(372): error:  #79: expected a type specifier
  void USART_DMACmd(USART_TypeDef* USARTx, uint16_t USART_DMAReq, FunctionalState NewState);
..\STM32F10x_StdPeriph_Driver\inc\stm32f10x_usart.h(372): error:  #90: function returning function is not allowed
  void USART_DMACmd(USART_TypeDef* USARTx, uint16_t USART_DMAReq, FunctionalState NewState);
..\STM32F10x_StdPeriph_Driver\inc\stm32f10x_usart.h(373): error:  #79: expected a type specifier
  void USART_SetAddress(USART_TypeDef* USARTx, uint8_t USART_Address);
..\STM32F10x_StdPeriph_Driver\inc\stm32f10x_usart.h(373): error:  #90: function returning function is not allowed
  void USART_SetAddress(USART_TypeDef* USARTx, uint8_t USART_Address);
..\STM32F10x_StdPeriph_Driver\inc\stm32f10x_usart.h(374): error:  #79: expected a type specifier
  void USART_WakeUpConfig(USART_TypeDef* USARTx, uint16_t USART_WakeUp);
..\STM32F10x_StdPeriph_Driver\inc\stm32f10x_usart.h(374): error:  #90: function returning function is not allowed
  void USART_WakeUpConfig(USART_TypeDef* USARTx, uint16_t USART_WakeUp);
..\STM32F10x_StdPeriph_Driver\inc\stm32f10x_usart.h(375): error:  #79: expected a type specifier
  void USART_ReceiverWakeUpCmd(USART_TypeDef* USARTx, FunctionalState NewState);
..\STM32F10x_StdPeriph_Driver\inc\stm32f10x_usart.h(375): error:  #90: function returning function is not allowed
  void USART_ReceiverWakeUpCmd(USART_TypeDef* USARTx, FunctionalState NewState);
..\STM32F10x_StdPeriph_Driver\inc\stm32f10x_usart.h(376): error:  #79: expected a type specifier
  void USART_LINBreakDetectLengthConfig(USART_TypeDef* USARTx, uint16_t USART_LINBreakDetectLength);
..\STM32F10x_StdPeriph_Driver\inc\stm32f10x_usart.h(376): error:  #90: function returning function is not allowed
  void USART_LINBreakDetectLengthConfig(USART_TypeDef* USARTx, uint16_t USART_LINBreakDetectLength);
..\STM32F10x_StdPeriph_Driver\inc\stm32f10x_usart.h(377): error:  #79: expected a type specifier
  void USART_LINCmd(USART_TypeDef* USARTx, FunctionalState NewState);
..\STM32F10x_StdPeriph_Driver\inc\stm32f10x_usart.h(377): error:  #90: function returning function is not allowed
  void USART_LINCmd(USART_TypeDef* USARTx, FunctionalState NewState);
..\STM32F10x_StdPeriph_Driver\inc\stm32f10x_usart.h(378): error:  #79: expected a type specifier
  void USART_SendData(USART_TypeDef* USARTx, uint16_t Data);
..\STM32F10x_StdPeriph_Driver\inc\stm32f10x_usart.h(378): error:  #90: function returning function is not allowed
  void USART_SendData(USART_TypeDef* USARTx, uint16_t Data);
..\STM32F10x_StdPeriph_Driver\inc\stm32f10x_usart.h(379): error:  #79: expected a type specifier
  uint16_t USART_ReceiveData(USART_TypeDef* USARTx);
..\STM32F10x_StdPeriph_Driver\inc\stm32f10x_usart.h(379): error:  #90: function returning function is not allowed
  uint16_t USART_ReceiveData(USART_TypeDef* USARTx);
..\STM32F10x_StdPeriph_Driver\inc\stm32f10x_usart.h(380): error:  #79: expected a type specifier
  void USART_SendBreak(USART_TypeDef* USARTx);
..\STM32F10x_StdPeriph_Driver\inc\stm32f10x_usart.h(380): error:  #90: function returning function is not allowed
  void USART_SendBreak(USART_TypeDef* USARTx);
..\STM32F10x_StdPeriph_Driver\inc\stm32f10x_usart.h(381): error:  #79: expected a type specifier
  void USART_SetGuardTime(USART_TypeDef* USARTx, uint8_t USART_GuardTime);
..\STM32F10x_StdPeriph_Driver\inc\stm32f10x_usart.h(381): error:  #90: function returning function is not allowed
  void USART_SetGuardTime(USART_TypeDef* USARTx, uint8_t USART_GuardTime);
..\driver\usart.c: 0 warnings, 30 errors
"..\Output\project.axf" - 31 Error(s), 1 Warning(s).
Target not created
